Script started on Tue 08 Mar 2022 08:53:08 PM EST
]0;Jiaojiao.Ding72@sol25:~/CISC3140_Lab2-[?1034h[Jiaojiao.Ding72@sol25 CISC3140_Lab2-]$ script history_log.txt[8Pqlite3 Lab2DBcd CISC3140_Lab2-exit[Kgit pushcommit -m "finished extract2"add --all[K[3Pstatussqlite3 Lab2DB[4Pgit statussqlite3 Lab2DB
SQLite version 3.7.17 2013-05-20 00:56:22
Enter ".help" for instructions
Enter SQL statements terminated with a ";"
[?1034hsqlite> .table
Car_Rank         Cars             RankTopThree     TopThree_Car   
Car_Score        Rank             RankTopTwo       judges         
Car_Total        RankTopOne       RankWithTotal    newJudges_Table
sqlite> CCREATE TABLE judges([K[K[K[K[K[K[K[K[K[K[K[K[K[K[K[K[K[K[K[K[KCREATE TABLE judges([C[C[C_(t([1P(T(a(b(l(e([C
   ...> ta[Kimestamp datetime,[1P[1@T
   ...> Judge_ID text,
   ...> Judge_Name text);
sqlite> .[K.mode csv
sqlite> .import \judgesTable.csv judges_Table;
Error: near ";": syntax error
sqlite> .import \judgesTable.csv judges_Table;[C[C[C[C[C[C[C[C[C[C[C[C[1P;[1P;[1P;[1P;[1P;[1P;[1P;[1P;[1P;[1P;[1P;[1P;j;u;d;g;e;s;_;T;a;b;l;e;
Error: near ";": syntax error
sqlite> .import \judgesTable.csv judges;[K[Ks_Table;
Error: near ";": syntax error
sqlite> .mode csv
sqlite> .import \jud[KdgesTable.csv judges_table;
Error: near ";": syntax error
sqlite> .import \judgesTable.csv judges_table;[C[C[C[C[C[C[C[C[Cmode csv[Kimport \judgesTable.csv judges_Table;[C[C[C[C[C[C[C[C[Cmode csv[Kimport \judgesTable.csv judges_table;[C[C[C[C[C[C[C[C[K.table
Car_Rank         Rank             RankWithTotal    newJudges_Table
Car_Score        RankTopOne       TopThree_Car   
Car_Total        RankTopThree     judges         
Cars             RankTopTwo       judges_Table   
sqlite> Se[Ks[K[Kselect * from judges_TAble
   ...> ;
sqlite> ;select * from judges_TAble[K[K[K[Kable
   ...> ;
sqlite> SELECT * FROM judges_Table
   ...> ;
sqlite> .import \judgesTable.csv judges_Table;
Error: near ";": syntax error
sqlite> .import \judgesTable.csv judges_Table;[K
sqlite> .import \judgesTable.csv judges_Table;[C[C[C[C[C[C[C[C;[KSELECT * FROM judges_Table
   ...> ;
Timestamp,Judge_ID," Judge_Name"
"8/5/2018 14:10",J04,Bob
"8/5/2018 15:11",J02,Carl
"8/5/2018 17:10",J05,Adrian
"8/5/2018 17:34",J06,Aaron
"8/5/2018 14:30",J02,Carl
"8/5/2018 16:12",J04,Bob
"8/5/2018 17:00",J06,Aaron
"8/5/2018 16:11",J06,Aaron
"8/5/2018 17:29",J04,Bob
"8/5/2018 17:48",J09,Dan
"8/5/2018 14:11",J09,Dan
"8/5/2018 14:54",J01,Wayne
"8/5/2018 14:41",J01,Wayne
"8/5/2018 13:11",J04,Bob
"8/5/2018 17:14",J02,Carl
"8/5/2018 13:25",J06,Aaron
"8/5/2018 15:39",J03,Carol
"8/5/2018 15:50",J03,Carol
"8/5/2018 17:13",J09,Dan
"8/5/2018 13:45",J04,Bob
"8/5/2018 14:33",J02,Carl
"8/5/2018 17:11",J02,Carl
"8/5/2018 15:22",J06,Aaron
"8/5/2018 17:03",J06,Aaron
"8/5/2018 17:13",J06,Aaron
"8/5/2018 17:14",J03,Carol
"8/5/2018 16:40",J03,Carol
"8/5/2018 14:02",J03,Carol
"8/5/2018 15:39",J03,Carol
"8/5/2018 17:47",J01,Wayne
"8/5/2018 14:24",J06,Aaron
"8/5/2018 14:57",J09,Dan
"8/5/2018 17:40",J04,Bob
"8/5/2018 14:21",J01,Wayne
"8/5/2018 17:52",J08,Danny
"8/5/2018 17:33",J03,Carol
"8/5/2018 14:50",J09,Dan
"8/5/2018 15:17",J04,Bob
"8/5/2018 16:31",J01,Wayne
"8/5/2018 15:36",J01,Wayne
"8/5/2018 15:45",J06,Aaron
"8/5/2018 16:27",J09,Dan
"8/5/2018 17:00",J09,Dan
"8/5/2018 13:47",J01,Wayne
"8/5/2018 16:15",J09,Dan
"8/5/2018 14:06",J01,Wayne
"8/5/2018 13:16",J02,Carl
"8/5/2018 15:42",J06,Aaron
"8/5/2018 14:28",J03,Carol
"8/5/2018 15:02",J01,Wayne
"8/5/2018 13:33",J02,Carl
"8/5/2018 15:34",J06,Aaron
"8/5/2018 15:52",J09,Dan
"8/5/2018 16:19",J08,Danny
"8/5/2018 16:30",J09,Dan
"8/5/2018 17:44",J04,Bob
"8/5/2018 13:25",J06,Aaron
"8/5/2018 15:11",J02,Carl
"8/5/2018 15:48",J06,Aaron
"8/5/2018 16:58",J03,Carol
"8/5/2018 14:13",J05,Adrian
"8/5/2018 14:08",J09,Dan
"8/5/2018 16:33",J06,Aaron
"8/5/2018 13:26",J03,Carol
"8/5/2018 15:23",J09,Dan
"8/5/2018 17:07",J01,Wayne
"8/5/2018 16:44",J01,Wayne
"8/5/2018 13:49",J05,Adrian
"8/5/2018 16:53",J06,Aaron
"8/5/2018 17:29",J04,Bob
"8/5/2018 14:57",J01,Wayne
"8/5/2018 16:49",J06,Aaron
"8/5/2018 17:19",J06,Aaron
"8/5/2018 14:17",J04,Bob
"8/5/2018 15:20",J03,Carol
"8/5/2018 15:59",J01,Wayne
"8/5/2018 17:24",J05,Adrian
"8/5/2018 13:32",J06,Aaron
"8/5/2018 17:05",J08,Danny
"8/5/2018 13:28",J05,Adrian
"8/5/2018 16:38",J04,Bob
"8/5/2018 17:33",J04,Bob
"8/5/2018 15:00",J09,Dan
"8/5/2018 15:31",J09,Dan
"8/5/2018 16:21",J06,Aaron
"8/5/2018 15:52",J06,Aaron
"8/5/2018 16:00",J09,Dan
"8/5/2018 17:07",J09,Dan
"8/5/2018 14:35",J01,Wayne
"8/5/2018 15:48",J04,Bob
"8/5/2018 16:16",J08,Danny
"8/5/2018 17:09",J09,Dan
"8/5/2018 14:35",J04,Bob
"8/5/2018 15:19",J01,Wayne
"8/5/2018 13:36",J04,Bob
"8/5/2018 15:35",J05,Adrian
"8/5/2018 16:26",J02,Carl
"8/5/2018 17:05",J05,Adrian
"8/5/2018 14:01",J04,Bob
"8/5/2018 17:10",J04,Bob
"8/5/2018 17:30",J06,Aaron
"8/5/2018 14:30",J06,Aaron
"8/5/2018 15:43",J06,Aaron
"8/5/2018 17:43",J06,Aaron
"8/5/2018 17:46",J09,Dan
"8/5/2018 15:25",J01,Wayne
"8/5/2018 16:51",J06,Aaron
"8/5/2018 17:04",J04,Bob
"8/5/2018 16:55",J05,Adrian
"8/5/2018 17:25",J04,Bob
"8/5/2018 13:53",J01,Wayne
"8/5/2018 13:46",J04,Bob
"8/5/2018 14:17",J01,Wayne
"8/5/2018 17:07",J02,Carl
"8/5/2018 15:05",J01,Wayne
"8/5/2018 13:39",J03,Carol
"8/5/2018 16:26",J01,Wayne
"8/5/2018 13:44",J04,Bob
"8/5/2018 15:14",J05,Adrian
"8/5/2018 17:02",J06,Aaron
"8/5/2018 16:02",J03,Carol
"8/5/2018 17:07",J04,Bob
"8/5/2018 16:21",J04,Bob
"8/5/2018 16:53",J09,Dan
"8/5/2018 17:39",J09,Dan
"8/5/2018 17:10",J09,Dan
"8/5/2018 14:18",J01,Wayne
"8/5/2018 16:55",J04,Bob
"8/5/2018 14:44",J01,Wayne
"8/5/2018 15:26",J08,Danny
"8/5/2018 17:31",J03,Carol
"8/5/2018 14:49",J01,Wayne
"8/5/2018 17:36",J04,Bob
"8/5/2018 14:51",J01,Wayne
"8/5/2018 13:59",J01,Wayne
"8/5/2018 14:44",J04,Bob
"8/5/2018 17:51",J04,Bob
"8/5/2018 16:29",J01,Wayne
"8/5/2018 17:00",J06,Aaron
"8/5/2018 15:41",J06,Aaron
"8/5/2018 13:58",J04,Bob
"8/5/2018 13:38",J04,Bob
"8/5/2018 14:28",J09,Dan
"8/5/2018 14:58",J06,Aaron
"8/5/2018 14:37",J04,Bob
"8/5/2018 16:23",J04,Bob
"8/5/2018 17:27",J03,Carol
"8/5/2018 16:50",J03,Carol
"8/5/2018 17:35",J03,Carol
"8/5/2018 16:46",J01,Wayne
"8/5/2018 15:58",J03,Carol
"8/5/2018 16:42",J01,Wayne
"8/5/2018 15:10",J03,Carol
"8/5/2018 16:08",J04,Bob
"8/5/2018 17:37",J01,Wayne
"8/5/2018 17:50",J01,Wayne
"8/5/2018 16:59",J04,Bob
"8/5/2018 16:56",J06,Aaron
"8/5/2018 17:31",J05,Adrian
"8/5/2018 16:28",J04,Bob
"8/5/2018 16:21",J09,Dan
"8/5/2018 15:33",J09,Dan
"8/5/2018 13:20",J06,Aaron
"8/5/2018 13:20",J04,Bob
"8/5/2018 13:32",J04,Bob
"8/5/2018 17:25",J06,Aaron
"8/5/2018 16:48",J01,Wayne
sqlite> SELEC[K[K[K[KELECT ju[K[KJudge_ID [K, Judge_Nfam[K[K[Kame, [K[K [K, co[K[KCOUNT*[K(Timestamp) [K[K), MIn[KN(Timestamp), Maz[K[KAX(Timestamp), ca[K[KCAST((JULIANDAY9[K(MAX( Timestamp)) - JULIANDAY(MIN(Timestamp)))*24 AS IN[K[KINT), CAST(([K[K[K[K[K[KCAST((JULIANDAY(MAX(Timestamp)) - JULIANDAY(MIN(Timest amp)))*24*0[K60) AS INT)[A[C[C[C[C[C[C[C[C[C[C[C[C[C[C[C[C[C[C[C[C[C[C[C[C[C[C[C[C[C[C[C[C[C[C[C[C[C[C[C[C[C[C[C[C[C[C[C[C[C[C[C[C[C[C[C[C[C[C[C[C[C[C[C[C[C[C[C[C[C[C[C[C[C[C[C[C[C[C[C[C[C[C[C[C[C[C[C[C[C[C[C[C[C[C[C[C[C[C[C[C[C[C[C[C[C[C[C[C[C[C[C[C[C[C[C[C
[C[C[C[C[C[A[C[C[C[C[C[C[C[C[C[C[C[C[C[C[C[C[C[C[C[C[C[C[C[C[C[C[C[C[C[C[C[C[C[C[C[C[C[C[C[C[C[C[C[C[C[C[C[C[C[C[C[C[C[C[C[C[C[C[C[C[C[C[C[C[C[C[C[C[C[C[C[C[C[C[C[C[C[C[C[C[C[C[C[C[C[C[C[C[C[C[C[C[C[C[C[C[C[C[C[C[C[C[C[C[C[C(JULIANDAY(MAX(Timestamp)) - JULIANDAY(MIN(Timest[1@a[A[C[C[C[C[C[C[C[C[C[C[C[C[C[C[C[C[C[C[C[C[C[C[C[C[C[C[C[C[C[C[C[C[C[C[C[C[C[C[C[C[C[C[C[C[C[C[C[C[C[C[C[C[C[C[C[C[C[C[A[C[C[C[C[C[C[C[C;[K
[K
[K[A[A[C[C[C[C[C[C[C[C[CSELECT * FROM judges_Table[C[C[C[C[C[C[C[C[11@.import \judgesTable.csv[C[C[C[C[C[C[C[C[C[C[C[C[C[C[C[C[C[C[C[C[C[11PSELECT * FROM[C[C[C[C[C[C[C[C[C[C[C[C[C[C[C[C[C[C[C[C[C;[KSELECT Judge_ID, Judge_Name, COUNT(Timestamp), MIN(Timestamp), MAX(Timestamp), CAST((JULIANDAY(MAX(TTimestamp)) - JULIANDAY(MIN(Timestamp)))*24 AS INT), CAST(((JULIANDAY(MAX(Timestamp)) - JULIANDAY(MIN(Timesttamp)))*24*60) AS INT)[C[C[C[C ?[K/ COUNT(Timestamp) From[K[K[KROM Judges_Table[1Pudges_Tablejudges_Table[C[C[C[C[C[C[C[C[C[C[C GROUP BY judge_ID;[1Pudge_ID;Judge_ID;[C[C[C[C[C[C[C[C
J01,Wayne,31,"8/5/2018 13:47","8/5/2018 17:50",,
J02,Carl,10,"8/5/2018 13:16","8/5/2018 17:14",,
J03,Carol,19,"8/5/2018 13:26","8/5/2018 17:35",,
J04,Bob,36,"8/5/2018 13:11","8/5/2018 17:51",,
J05,Adrian,10,"8/5/2018 13:28","8/5/2018 17:31",,
J06,Aaron,32,"8/5/2018 13:20","8/5/2018 17:43",,
J08,Danny,5,"8/5/2018 15:26","8/5/2018 17:52",,
J09,Dan,24,"8/5/2018 14:08","8/5/2018 17:48",,
Judge_ID," Judge_Name",1,Timestamp,Timestamp,,
sqlite> .hear[K[Kader on
sqlite> .header on[C[C[C[C[C[C[C[CSELECT Judge_ID, Judge_Name, COUNT(Timestamp), MIN(Timestamp), MAX(Timestamp), CAST((JULIANDAY(MAX(TTimestamp)) - JULIANDAY(MIN(Timestamp)))*24 AS INT), CAST(((JULIANDAY(MAX(Timestamp)) - JULIANDAY(MIN(Timesttamp)))*24*60) AS INT) / COUNT(Timestamp) FROM judges_Table GROUP BY Judge_ID;
Judge_ID,Judge_Name,COUNT(Timestamp),MIN(Timestamp),MAX(Timestamp),"CAST((JULIANDAY(MAX(Timestamp)) - JULIANDAY(MIN(Timestamp)))*24 AS INT)","CAST(((JULIANDAY(MAX(Timestamp)) - JULIANDAY(MIN(Timestamp)))*24*60) AS INT) / COUNT(Timestamp)"
J01,Wayne,31,"8/5/2018 13:47","8/5/2018 17:50",,
J02,Carl,10,"8/5/2018 13:16","8/5/2018 17:14",,
J03,Carol,19,"8/5/2018 13:26","8/5/2018 17:35",,
J04,Bob,36,"8/5/2018 13:11","8/5/2018 17:51",,
J05,Adrian,10,"8/5/2018 13:28","8/5/2018 17:31",,
J06,Aaron,32,"8/5/2018 13:20","8/5/2018 17:43",,
J08,Danny,5,"8/5/2018 15:26","8/5/2018 17:52",,
J09,Dan,24,"8/5/2018 14:08","8/5/2018 17:48",,
Judge_ID," Judge_Name",1,Timestamp,Timestamp,,
sqlite> INSERT INTO newJudges_t[KTable(Jf[KU[Kudge_ID, Judge_Name,Count [K[K[K[K[K[K NumberOFCa[K[K[KfCar,Strat[K[K[Kart_Time, End_Time,Duration,Average _speed) S[KSl[KLEC[K[K[KELECT j[KJudge_ID, Judge_Name, COUNT(Timestamp), MIN(Timestamp), MAX(Timestamp), CAST((JULIANDAY(MAX( Timestamp)) - JULIANDAY(MIN(Timestamp)))*24 AS INT), CAST(((JULIANDAY(MAX(Timestamp)) - JULIANDAY(MIN(Times tamp)))*24*60) AS INT) / COUNT(Timestamp) FROM judges_Table GROUP BY Judge_ID;
sqlite> INSERT INTO newJudges_Table(Judge_ID, Judge_Name, NumberOfCar,Start_Time, End_Time,Duration,Average__speed) SELECT Judge_ID, Judge_Name, COUNT(Timestamp), MIN(Timestamp), MAX(Timestamp), CAST((JULIANDAY(MAX(TTimestamp)) - JULIANDAY(MIN(Timestamp)))*24 AS INT), CAST(((JULIANDAY(MAX(Timestamp)) - JULIANDAY(MIN(Timesttamp)))*24*60) AS INT) / COUNT(Timestamp) FROM judges_Table GROUP BY Judge_ID;[A[A[A[C[C[C[C[C[C[C[CSELECT Judge_ID, Judge_Name, COUNT(Timestamp), MIN(Timestamp), MAX(Timestamp), CAST((JULIANDAY(MAX(Timestamp)) - JULIANDAY(MIN(Timestamp)))*24 AS INT), CAST(((JULIANDAY(MAX(Timestamp)) - JULIANDAY(MIN(Timest[29Pamp)))*24*60) AS INT) / COUNT(Timestamp) FROM judges_Table GROUP BY Judge_ID;
[K[A[C[C[C[C[C[C[C[C[C[C[C[C[C[C[C[C[C[C[C[C[C[C[C[C[C[C[C[C[C[C[C[C[C[C[C[C[C[C[C[C[C[C[C[C[C[C[C[C[C[C[C[C[C[C[C[C[C[C[C[C[C[C[C[C[C[C[C[C[C[C[C[C[C[C[C[C[C[C[A[A[C[C[C[C[C[C[C[C.header on[K
[K
[K[A[A[C[C[C[C[C[C[C[C[C[C[C[C[C[C[C[C[C[C[C[C[C[C[C[C[C[CSELECT Judge_ID, Judge_Name, COUNT(Timestamp), MIN(Timestamp), MAX(Timestamp), CAST((JULIANDAY(MAX(TTimestamp)) - JULIANDAY(MIN(Timestamp)))*24 AS INT), CAST(((JULIANDAY(MAX(Timestamp)) - JULIANDAY(MIN(Timesttamp)))*24*60) AS INT) / COUNT(Timestamp) FROM judges_Table GROUP BY Judge_ID;[A[A[C[C[C[C[C[C[C[C;[K
[K
[K[A[A[C[C[C[C[C[C[C[C[CSELECT * FROM judges_Table[C[C[1Pudges_Tablenudges_Tableeudges_Tablewudges_TableJudges_Table
   ...> ;
Judge_ID,Judge_Name,NumberOfCar,Start_Time,End_Time,Duration,Average_speed
J01,Wayne,31,"8/5/2018 13:47","8/5/2018 17:50",,
J02,Carl,10,"8/5/2018 13:16","8/5/2018 17:14",,
J03,Carol,19,"8/5/2018 13:26","8/5/2018 17:35",,
J04,Bob,36,"8/5/2018 13:11","8/5/2018 17:51",,
J05,Adrian,10,"8/5/2018 13:28","8/5/2018 17:31",,
J06,Aaron,32,"8/5/2018 13:20","8/5/2018 17:43",,
J08,Danny,5,"8/5/2018 15:26","8/5/2018 17:52",,
J09,Dan,24,"8/5/2018 14:08","8/5/2018 17:48",,
Judge_ID," Judge_Name",1,Timestamp,Timestamp,,
sqlite> ;SELECT * FROM newJudges_Table[C[C[C[C[C[C[C[CINSERT INTO newJudges_Table(Judge_ID, Judge_Name, NumberOfCar,Start_Time, End_Time,Duration,Average__speed) SELECT Judge_ID, Judge_Name, COUNT(Timestamp), MIN(Timestamp), MAX(Timestamp), CAST((JULIANDAY(MAX(TTimestamp)) - JULIANDAY(MIN(Timestamp)))*24 AS INT), CAST(((JULIANDAY(MAX(Timestamp)) - JULIANDAY(MIN(Timesttamp)))*24*60) AS INT) / COUNT(Timestamp) FROM judges_Table GROUP BY Judge_ID;[A[A[A[C[C[C[C[C[C[C[CSELECT Judge_ID, Judge_Name, COUNT(Timestamp), MIN(Timestamp), MAX(Timestamp), CAST((JULIANDAY(MAX(Timestamp)) - JULIANDAY(MIN(Timestamp)))*24 AS INT), CAST(((JULIANDAY(MAX(Timestamp)) - JULIANDAY(MIN(Timest[29Pamp)))*24*60) AS INT) / COUNT(Timestamp) FROM judges_Table GROUP BY Judge_ID;
[K[A[C[C[C[C[C[C[C[C[C[C[C[C[C[C[C[C[C[C[C[C[C[C[C[C[C[C[C[C[C[C[C[C[C[C[C[C[C[C[C[C[C[C[C[C[C[C[C[C[C[C[C[C[C[C[C[C[C[C[C[C[C[C[C[C[C[C[C[C[C[C[C[C[C[C[C[C[C[C[1P[C[C[1P[C[C[C[C[C[C[C[C[C
Judge_ID,Judge_Name,COUNT(Timestamp),MIN(Timestamp),MAX(Timestamp),"CAST((JULIANDAY(MAX(Timestamp)) - JULIANDAY(MIN(Timestamp)))*24 AS INT)","CAST(((JULIANDAY(MAX(Timestamp)) - JULIANDAY(MIN(Timestamp)))*24*60) AS INT)/COUNT(Timestamp)"
J01,Wayne,31,"8/5/2018 13:47","8/5/2018 17:50",,
J02,Carl,10,"8/5/2018 13:16","8/5/2018 17:14",,
J03,Carol,19,"8/5/2018 13:26","8/5/2018 17:35",,
J04,Bob,36,"8/5/2018 13:11","8/5/2018 17:51",,
J05,Adrian,10,"8/5/2018 13:28","8/5/2018 17:31",,
J06,Aaron,32,"8/5/2018 13:20","8/5/2018 17:43",,
J08,Danny,5,"8/5/2018 15:26","8/5/2018 17:52",,
J09,Dan,24,"8/5/2018 14:08","8/5/2018 17:48",,
Judge_ID," Judge_Name",1,Timestamp,Timestamp,,
sqlite> SELECT Judge_ID, Judge_Name, COUNT(Timestamp), MIN(Timestamp), MAX(Timestamp), CAST((JULIANDAY(MAX(TTimestamp)) - JULIANDAY(MIN(Timestamp)))*24 AS INT), CAST(((JULIANDAY(MAX(Timestamp)) - JULIANDAY(MIN(Timesttamp)))*24*60) AS INT)/COUNT(Timestamp) FROM judges_Table GROUP BY Judge_ID;[A[A[C[C[C[C[C[C[C[C[62P FROM judges_Table GROUP BY Judge_ID;
[K
[K[A[A[C[C[C[C[C[C[C[C[C[C[C[C[C[C[C[C[C[C[C[C[C[C[C[C[C[C[C[C[C[C[C[C[C[C[C[C[C[C[C[C[C[C[C[C[C[K[K[K[K[K[K[K[K[K[K[K[K[K[K[K[K[K[K[K[K[K[K[K[K[K[K[K[K[K[K[K[K[K[K[K[K[KSELECT Judge_ID, Judge_Name, COUNT(Timestamp), MIN(Timestamp), MAX(Timestamp), CAST((JULIANDAY(MAX( Timestamp)) - JULIANDAY(MIN(Timestamp)))*24 AS INT),CAST(((JULIANDAY(MAX(Timestamp)) - JULIANDAY(MIN(Timest amp)))*24*60) AS INT) FROM judges_Table GROUP BY Judge_ID;
Judge_ID,Judge_Name,COUNT(Timestamp),MIN(Timestamp),MAX(Timestamp),"CAST((JULIANDAY(MAX(Timestamp)) - JULIANDAY(MIN(Timestamp)))*24 AS INT)","CAST(((JULIANDAY(MAX(Timestamp)) - JULIANDAY(MIN(Timestamp)))*24*60) AS INT)"
J01,Wayne,31,"8/5/2018 13:47","8/5/2018 17:50",,
J02,Carl,10,"8/5/2018 13:16","8/5/2018 17:14",,
J03,Carol,19,"8/5/2018 13:26","8/5/2018 17:35",,
J04,Bob,36,"8/5/2018 13:11","8/5/2018 17:51",,
J05,Adrian,10,"8/5/2018 13:28","8/5/2018 17:31",,
J06,Aaron,32,"8/5/2018 13:20","8/5/2018 17:43",,
J08,Danny,5,"8/5/2018 15:26","8/5/2018 17:52",,
J09,Dan,24,"8/5/2018 14:08","8/5/2018 17:48",,
Judge_ID," Judge_Name",1,Timestamp,Timestamp,,
sqlite> SELECT Judge_ID, Judge_Name, COUNT(Timestamp), MIN(Timestamp), MAX(Timestamp), CAST((JULIANDAY(MAX(TTimestamp)) - JULIANDAY(MIN(Timestamp)))*24 AS INT),CAST(((JULIANDAY(MAX(Timestamp)) - JULIANDAY(MIN(Timestaamp)))*24*60) AS INT) FROM judges_Table GROUP BY Judge_ID;[A[C[C[C[C[C[C[C[C[C[C[C[C[C[C[C[C[C[C[C[C[C[C[C[C[C[C[C[C[C[C[C[C[C[C[C[C[C[C[C[C[C[C[C[C[C[C[C[C[C[C[C[C[C[C[C[C[C[C[C[C[C[C[C[C[C[C[C[C[C[C[C[C[C[C[C[C[C[C[C[C[C[C[C[C[C[C[C[C[C[C[C[C[C[C[C[C[C[C[C[C[C[C[C[C[C[C[C[C[C[C[C[C[C[C[C[C[A[C[C[C[C[C[C[C[C[C[C[C[C[C[C[C[C[C[C[C[C[C[C[C[C[C[C[C[C[C[C[C[C[C[C[C[C[C[C[C[C[C[C[C[C[C[C[C[C[C[C[C[C[C[C[C[C[C[C[C[C[C[C[C[C[C[C[C[C[C[C[C[C[C[C[C[C[C[C[C[C[C[C[C[C[C[C[C[C[C[C[C[C[C[C[C[C[C[C[C[C[C[C[C[C[C[C[C[C[C[C[C[C[C[C[C[C
[C[C[C[C[C[C[C[C[A[K
[K
[K[A[A[C[C[C[C[C[C[C[CSELECT Judge_ID, Judge_Name, COUNT(Timestamp), MIN(Timestamp), MAX(Timestamp), CAST((JULIANDAY(MAX(TTimestamp)) - JULIANDAY(MIN(Timestamp)))*24 AS INT),CAST(((JULIANDAY(MAX(Timestamp)) - JULIANDAY(MIN(Timestaamp)))*24*60) AS INT) FROM judges_Table GROUP BY Judge_ID;[K[K[K[K[K[K[K[K[K[K[K[K[K[K[K[K[K[K[K;
Judge_ID,Judge_Name,COUNT(Timestamp),MIN(Timestamp),MAX(Timestamp),"CAST((JULIANDAY(MAX(Timestamp)) - JULIANDAY(MIN(Timestamp)))*24 AS INT)","CAST(((JULIANDAY(MAX(Timestamp)) - JULIANDAY(MIN(Timestamp)))*24*60) AS INT)"
Judge_ID," Judge_Name",168,"8/5/2018 13:11",Timestamp,,
sqlite> SELECT Judge_ID, Judge_Name, COUNT(Timestamp), MIN(Timestamp), MAX(Timestamp), CAST((JULIANDAY(MAX(TTimestamp)) - JULIANDAY(MIN(Timestamp)))*24 AS INT),CAST(((JULIANDAY(MAX(Timestamp)) - JULIANDAY(MIN(Timestaamp)))*24*60) AS INT) FROM judges_Table;
Judge_ID,Judge_Name,COUNT(Timestamp),MIN(Timestamp),MAX(Timestamp),"CAST((JULIANDAY(MAX(Timestamp)) - JULIANDAY(MIN(Timestamp)))*24 AS INT)","CAST(((JULIANDAY(MAX(Timestamp)) - JULIANDAY(MIN(Timestamp)))*24*60) AS INT)"
Judge_ID," Judge_Name",168,"8/5/2018 13:11",Timestamp,,
sqlite> SELECT Judge_ID, Judge_Name, COUNT(Timestamp), MIN(Timestamp), MAX(Timestamp), CAST((JULIANDAY(MAX(TTimestamp)) - JULIANDAY(MIN(Timestamp)))*24 AS INT),CAST(((JULIANDAY(MAX(Timestamp)) - JULIANDAY(MIN(Timestaamp)))*24*60) AS INT) FROM judges_Table;[A[C[C[C[C[C[C[C[C[C[C[C[C[C[C[C[C[C[C[C[C[C[C[C[C[C[C[C[C[C[C[C[C[C[C[C[C[C[C[C[C[C[C[C[C[C[C[C[C[C[C[C[C[C[C[C[C[C[C[C[C[C[C[C[C[C[C[C[C[C[C[C[C[C[C[C[C[C[C[C[C[C[C[C[C[C[C[C[C[C[C[C[C[C[C[C[C[C[C[C[C[C[C[C[C[C[C[A[C[C[C[C[C[C[C[C[K
[K
[K[A[A[C[C[C[C[C[C[C[CSELECT Judge_ID, Judge_Name, COUNT(Timestamp), MIN(Timestamp), MAX(Timestamp), CAST((JULIANDAY(MAX(TTimestamp)) - JULIANDAY(MIN(Timestamp)))*24 AS INT),CAST(((JULIANDAY(MAX(Timestamp)) - JULIANDAY(MIN(Timestaamp)))*24*60) AS INT) FROM judges_Table;[C[1@,
Error: near "FROM": syntax error
sqlite> SELECT Judge_ID, Judge_Name, COUNT(Timestamp), MIN(Timestamp), MAX(Timestamp), CAST((JULIANDAY(MAX(TTimestamp)) - JULIANDAY(MIN(Timestamp)))*24 AS INT),CAST(((JULIANDAY(MAX(Timestamp)) - JULIANDAY(MIN(Timestaamp)))*24*60) AS INT), FROM judges_Table;[1P[C[C[C[C[C[C[C[C[C[C[C[C[C[C[C[C[C[C[C[A[A[C[C[C[C[C[C[C[C[K
[K
[K[A[A[C[C[C[C[C[C[C[CCAST(((JULIANDAY(MAX(Timestamp)) - JULIANDAY(MIN(Timestamp)))*24*60) AS INT) FROM judges_Table GROU P BY Judge_ID;[ASELECT Judge_ID, Judge_Name, COUNT(Timestamp), MIN(Timestamp), MAX(Timestamp), CAST((JULIANDAY(MAX(Timestamp)) - JULIANDAY(MIN(Timestamp)))*24 AS INT),CAST(((JULIANDAY(MAX(Timestamp)) - JULIANDAY(MIN(Timestaamp)))*24*60) AS INT) FROM judges_Table;[A[A[C[C[C[C[C[C[C[CCAST(((JULIANDAY(MAX(Timestamp)) - JULIANDAY(MIN(Timestamp)))*24*60) AS INT) FROM judges_Table GROUP BY Judge_ID;[K
[K[A[C[C[C[C[C[C[C[C[C[C[C[C[C[C[A[C[C[C[C[C[C[C[C[C[C[C[C[C[C[C[C[C[C[C[C[C[C[C[C[C[C[C[C[C[C[C[C[C[C[C[C[C[C[C[C[C[C[C[C[C[C[C[C[C[C[C[C[C[C[C[C[C[C[C[C[C[C[C[C[C[C[C[C[C[C[C[C[C[C[C[C[C[C[C[C[C[C[C[C[C[C[C[C[C[C[C[C[C[C[C[C[C[C[C[C[C[C[C[C[C[CSCAST(((JULIANDAY(MAX(Timestamp)) - JULIANDAY(MIN(Timestamp)))*24*60) AS INT) FROM judges_Table GROU[1@P[A[C[C[C[C[C[C[ClCAST(((JULIANDAY(MAX(Timestamp)) - JULIANDAY(MIN(Timestamp)))*24*60) AS INT) FROM judges_Table GRO[1@U[A[C[C[C[C[C[C[C[CeCAST(((JULIANDAY(MAX(Timestamp)) - JULIANDAY(MIN(Timestamp)))*24*60) AS INT) FROM judges_Table GR[1@O[A[C[C[C[C[C[C[C[C[CCAST(((JULIANDAY(MAX(Timestamp)) - JULIANDAY(MIN(Timestamp)))*24*60) AS INT) FROM judges_Table GRO[1P[A[C[C[C[C[C[C[C[C[CCAST(((JULIANDAY(MAX(Timestamp)) - JULIANDAY(MIN(Timestamp)))*24*60) AS INT) FROM judges_Table GROU[1P[A[C[C[C[C[C[C[C[CCAST(((JULIANDAY(MAX(Timestamp)) - JULIANDAY(MIN(Timestamp)))*24*60) AS INT) FROM judges_Table GROUP[1P[A[C[C[C[C[C[C[CsCAST(((JULIANDAY(MAX(Timestamp)) - JULIANDAY(MIN(Timestamp)))*24*60) AS INT) FROM judges_Table GROU[1@P[A[C[C[C[C[C[C[ClCAST(((JULIANDAY(MAX(Timestamp)) - JULIANDAY(MIN(Timestamp)))*24*60) AS INT) FROM judges_Table GRO[1@U[A[C[C[C[C[C[C[C[CeCAST(((JULIANDAY(MAX(Timestamp)) - JULIANDAY(MIN(Timestamp)))*24*60) AS INT) FROM judges_Table GR[1@O[A[C[C[C[C[C[C[C[C[CcCAST(((JULIANDAY(MAX(Timestamp)) - JULIANDAY(MIN(Timestamp)))*24*60) AS INT) FROM judges_Table G[1@R[A[C[C[C[C[C[C[C[C[C[CCAST(((JULIANDAY(MAX(Timestamp)) - JULIANDAY(MIN(Timestamp)))*24*60) AS INT) FROM judges_Table GR[1P[A[C[C[C[C[C[C[C[C[C[CCAST(((JULIANDAY(MAX(Timestamp)) - JULIANDAY(MIN(Timestamp)))*24*60) AS INT) FROM judges_Table GRO[1P[A[C[C[C[C[C[C[C[C[CCAST(((JULIANDAY(MAX(Timestamp)) - JULIANDAY(MIN(Timestamp)))*24*60) AS INT) FROM judges_Table GROU[1P[A[C[C[C[C[C[C[C[CCAST(((JULIANDAY(MAX(Timestamp)) - JULIANDAY(MIN(Timestamp)))*24*60) AS INT) FROM judges_Table GROUP[1P[A[C[C[C[C[C[C[CsCAST(((JULIANDAY(MAX(Timestamp)) - JULIANDAY(MIN(Timestamp)))*24*60) AS INT) FROM judges_Table GROU[1@P[A[C[C[C[C[C[C[CeCAST(((JULIANDAY(MAX(Timestamp)) - JULIANDAY(MIN(Timestamp)))*24*60) AS INT) FROM judges_Table GRO[1@U[A[C[C[C[C[C[C[C[ClCAST(((JULIANDAY(MAX(Timestamp)) - JULIANDAY(MIN(Timestamp)))*24*60) AS INT) FROM judges_Table GR[1@O[A[C[C[C[C[C[C[C[C[CeCAST(((JULIANDAY(MAX(Timestamp)) - JULIANDAY(MIN(Timestamp)))*24*60) AS INT) FROM judges_Table G[1@R[A[C[C[C[C[C[C[C[C[C[CcCAST(((JULIANDAY(MAX(Timestamp)) - JULIANDAY(MIN(Timestamp)))*24*60) AS INT) FROM judges_Table [1@G[A[C[C[C[C[C[C[C[C[C[C[CtCAST(((JULIANDAY(MAX(Timestamp)) - JULIANDAY(MIN(Timestamp)))*24*60) AS INT) FROM judges_Table[1@ [A[C[C[C[C[C[C[C[C[C[C[C[C CAST(((JULIANDAY(MAX(Timestamp)) - JULIANDAY(MIN(Timestamp)))*24*60) AS INT) FROM judges_Tabl[1@e[A[C[C[C[C[C[C[C[C[C[C[C[C[C

"CAST(((JULIANDAY(MAX(Timestamp)) - JULIANDAY(MIN(Timestamp)))*24*60) AS INT)"









sqlite> select CAST(((JULIANDAY(MAX(Timestamp)) - JULIANDAY(MIN(Timestamp)))*24*60) AS INT) FROM judges_Tablle GROUP BY Judge_ID;[A[C[C[C[C[C[C[C[C[C[C[C[C[C[C[C[C[C[C[C[C[C[C[C[C[C[C[C[C[C[C[C[C[C[C[C[C[C[C[C[C[C[C[C[C[C[C[C[C[C[C[C[C[C[C[C[C[C[C[C[C[C[C[C[C[C[C[C[C[C[C[C[C[C[C[C[C[C[C[C[C[C[C[C[C[C[C[C[C[C[C[C[C[C[C[C[C[C[C[C[C[C[C[C[C[C[C[C[C[C[C[C[C[C[C[K
[K[A[C[C[C[C[C[C[C[CSELECT Judge_ID, Judge_Name, COUNT(Timestamp), MIN(Timestamp), MAX(Timestamp), CAST((JULIANDAY(MAX( Timestamp)) - JULIANDAY(MIN(Timestamp)))*24 AS INT),CAST(((JULIANDAY(MAX(Timestamp)) - JULIANDAY(MIN(Timest amp)))*24*60) AS INT) FROM judges_Table GROUP BY Judge_ID;
Judge_ID,Judge_Name,COUNT(Timestamp),MIN(Timestamp),MAX(Timestamp),"CAST((JULIANDAY(MAX(Timestamp)) - JULIANDAY(MIN(Timestamp)))*24 AS INT)","CAST(((JULIANDAY(MAX(Timestamp)) - JULIANDAY(MIN(Timestamp)))*24*60) AS INT)"
J01,Wayne,31,"8/5/2018 13:47","8/5/2018 17:50",,
J02,Carl,10,"8/5/2018 13:16","8/5/2018 17:14",,
J03,Carol,19,"8/5/2018 13:26","8/5/2018 17:35",,
J04,Bob,36,"8/5/2018 13:11","8/5/2018 17:51",,
J05,Adrian,10,"8/5/2018 13:28","8/5/2018 17:31",,
J06,Aaron,32,"8/5/2018 13:20","8/5/2018 17:43",,
J08,Danny,5,"8/5/2018 15:26","8/5/2018 17:52",,
J09,Dan,24,"8/5/2018 14:08","8/5/2018 17:48",,
Judge_ID," Judge_Name",1,Timestamp,Timestamp,,
sqlite> .j[Kheader on
sqlite> .header on[C[C[C[C[C[C[C[CSELECT Judge_ID, Judge_Name, COUNT(Timestamp), MIN(Timestamp), MAX(Timestamp), CAST((JULIANDAY(MAX(TTimestamp)) - JULIANDAY(MIN(Timestamp)))*24 AS INT),CAST(((JULIANDAY(MAX(Timestamp)) - JULIANDAY(MIN(Timestaamp)))*24*60) AS INT) FROM judges_Table GROUP BY Judge_ID;
Judge_ID,Judge_Name,COUNT(Timestamp),MIN(Timestamp),MAX(Timestamp),"CAST((JULIANDAY(MAX(Timestamp)) - JULIANDAY(MIN(Timestamp)))*24 AS INT)","CAST(((JULIANDAY(MAX(Timestamp)) - JULIANDAY(MIN(Timestamp)))*24*60) AS INT)"
J01,Wayne,31,"8/5/2018 13:47","8/5/2018 17:50",,
J02,Carl,10,"8/5/2018 13:16","8/5/2018 17:14",,
J03,Carol,19,"8/5/2018 13:26","8/5/2018 17:35",,
J04,Bob,36,"8/5/2018 13:11","8/5/2018 17:51",,
J05,Adrian,10,"8/5/2018 13:28","8/5/2018 17:31",,
J06,Aaron,32,"8/5/2018 13:20","8/5/2018 17:43",,
J08,Danny,5,"8/5/2018 15:26","8/5/2018 17:52",,
J09,Dan,24,"8/5/2018 14:08","8/5/2018 17:48",,
Judge_ID," Judge_Name",1,Timestamp,Timestamp,,
sqlite> SELECT Judge_ID,Judge_Name,COUNT(Timestamp),MIN(Timestamp),MAX(Timestamp),"CAST((JULIANDAY(MAX(Time stamp)) - JULIANDAY(MIN(Timestamp)))*24 AS INT)","CAST(((JULIANDAY(MAX(Timestamp)) - JULIANDAY(MIN(Timestam p)))*24*60) AS INT)";
Error: no such column: Judge_ID
sqlite> SELECT Judge_ID,Judge_Name,COUNT(Timestamp),MIN(Timestamp),MAX(Timestamp),"CAST((JULIANDAY(MAX(Timesstamp)) - JULIANDAY(MIN(Timestamp)))*24 AS INT)","CAST(((JULIANDAY(MAX(Timestamp)) - JULIANDAY(MIN(Timestampp)))*24*60) AS INT)";[A[A[C[C[C[C[C[C[C[C;[K
[K
[K[A[A[C[C[C[C[C[C[C[C[C[KSELECT Judge_ID,Judge_Name,COUNT(Timestamp),MIN(Timestamp),MAX(Timestamp),"CAST((JULIANDAY(MAX(Time stamp)) - JULIANDAY(MIN(Timestamp)))*24 AS INT)","CAST(((JULIANDAY(MAX(Timestamp)) - JULIANDAY(MIN(Timestam p)))*24*60) AS INT)" FROM judges_Table GROUP BY Judge_ID;
Judge_ID,Judge_Name,COUNT(Timestamp),MIN(Timestamp),MAX(Timestamp),"""CAST((JULIANDAY(MAX(Timestamp)) - JULIANDAY(MIN(Timestamp)))*24 AS INT)""","""CAST(((JULIANDAY(MAX(Timestamp)) - JULIANDAY(MIN(Timestamp)))*24*60) AS INT)"""
J01,Wayne,31,"8/5/2018 13:47","8/5/2018 17:50","CAST((JULIANDAY(MAX(Timestamp)) - JULIANDAY(MIN(Timestamp)))*24 AS INT)","CAST(((JULIANDAY(MAX(Timestamp)) - JULIANDAY(MIN(Timestamp)))*24*60) AS INT)"
J02,Carl,10,"8/5/2018 13:16","8/5/2018 17:14","CAST((JULIANDAY(MAX(Timestamp)) - JULIANDAY(MIN(Timestamp)))*24 AS INT)","CAST(((JULIANDAY(MAX(Timestamp)) - JULIANDAY(MIN(Timestamp)))*24*60) AS INT)"
J03,Carol,19,"8/5/2018 13:26","8/5/2018 17:35","CAST((JULIANDAY(MAX(Timestamp)) - JULIANDAY(MIN(Timestamp)))*24 AS INT)","CAST(((JULIANDAY(MAX(Timestamp)) - JULIANDAY(MIN(Timestamp)))*24*60) AS INT)"
J04,Bob,36,"8/5/2018 13:11","8/5/2018 17:51","CAST((JULIANDAY(MAX(Timestamp)) - JULIANDAY(MIN(Timestamp)))*24 AS INT)","CAST(((JULIANDAY(MAX(Timestamp)) - JULIANDAY(MIN(Timestamp)))*24*60) AS INT)"
J05,Adrian,10,"8/5/2018 13:28","8/5/2018 17:31","CAST((JULIANDAY(MAX(Timestamp)) - JULIANDAY(MIN(Timestamp)))*24 AS INT)","CAST(((JULIANDAY(MAX(Timestamp)) - JULIANDAY(MIN(Timestamp)))*24*60) AS INT)"
J06,Aaron,32,"8/5/2018 13:20","8/5/2018 17:43","CAST((JULIANDAY(MAX(Timestamp)) - JULIANDAY(MIN(Timestamp)))*24 AS INT)","CAST(((JULIANDAY(MAX(Timestamp)) - JULIANDAY(MIN(Timestamp)))*24*60) AS INT)"
J08,Danny,5,"8/5/2018 15:26","8/5/2018 17:52","CAST((JULIANDAY(MAX(Timestamp)) - JULIANDAY(MIN(Timestamp)))*24 AS INT)","CAST(((JULIANDAY(MAX(Timestamp)) - JULIANDAY(MIN(Timestamp)))*24*60) AS INT)"
J09,Dan,24,"8/5/2018 14:08","8/5/2018 17:48","CAST((JULIANDAY(MAX(Timestamp)) - JULIANDAY(MIN(Timestamp)))*24 AS INT)","CAST(((JULIANDAY(MAX(Timestamp)) - JULIANDAY(MIN(Timestamp)))*24*60) AS INT)"
Judge_ID," Judge_Name",1,Timestamp,Timestamp,"CAST((JULIANDAY(MAX(Timestamp)) - JULIANDAY(MIN(Timestamp)))*24 AS INT)","CAST(((JULIANDAY(MAX(Timestamp)) - JULIANDAY(MIN(Timestamp)))*24*60) AS INT)"
sqlite> SELECT Judge_ID, Judge_Name, COUNT(Timestamp), MIN(Timestamp), MAX(Timestamp), CAST((JULIANDAY(MAX( Timestamp)) - JULIANDAY(MIN(Timestamp)))*24 AS INT),CAST(((JULIANDAY(MAX(Timestamp)) - JULIANDAY(MIN(Timest amp)))*24*60) AS INT) FROM judges_Table GROUP BY Judge_ID;
Judge_ID,Judge_Name,COUNT(Timestamp),MIN(Timestamp),MAX(Timestamp),"CAST((JULIANDAY(MAX(Timestamp)) - JULIANDAY(MIN(Timestamp)))*24 AS INT)","CAST(((JULIANDAY(MAX(Timestamp)) - JULIANDAY(MIN(Timestamp)))*24*60) AS INT)"
J01,Wayne,31,"8/5/2018 13:47","8/5/2018 17:50",,
J02,Carl,10,"8/5/2018 13:16","8/5/2018 17:14",,
J03,Carol,19,"8/5/2018 13:26","8/5/2018 17:35",,
J04,Bob,36,"8/5/2018 13:11","8/5/2018 17:51",,
J05,Adrian,10,"8/5/2018 13:28","8/5/2018 17:31",,
J06,Aaron,32,"8/5/2018 13:20","8/5/2018 17:43",,
J08,Danny,5,"8/5/2018 15:26","8/5/2018 17:52",,
J09,Dan,24,"8/5/2018 14:08","8/5/2018 17:48",,
Judge_ID," Judge_Name",1,Timestamp,Timestamp,,
sqlite> SELECT Judge_ID, Judge_Name, COUNT(Timestamp), MIN(Timestamp), MAX(Timestamp), CAST((JULIANDAY(MAX(TTimestamp)) - JULIANDAY(MIN(Timestamp)))*24 AS INT),CAST(((JULIANDAY(MAX(Timestamp)) - JULIANDAY(MIN(Timestaamp)))*24*60) AS INT) FROM judges_Table GROUP BY Judge_ID;[A[C[C[C[C[C[C[C[C[C[C[C[C[C[C[C[C[C[C[C[C[C[C[C[C[C[C[C[C[C[C[C[C[C[C[C[C[C[C[C[C[C[C[C[C[C[C[C[C[C[C[C[C[C[C[C[C[C[C[C[C[C[C[C[C[C[C[C[C[C[C[C[C[C[C[C[C[C[C[C[C[C[C[C[C[C[C[C[C[C[C[C[C[C[C[C[C[C[C[C[C[C[C[C[C[C[CJULIANDAY(MIN(Timestam[1P[A[C[C[C[C[C[C[C[C[C[C[C[C[C[C[C[C[C[C[C[C[C[C[C[C[C[C[C[C[C[C[C[C[C[C[C[C[C[C[C[C[C[C[C[C[C[C[C[C[C[C[C[C[C[C[C[C[C[C[C[C[C[C[C[C[C[C[C[C[C[C[C[C[C[C[C[C[C[C[C[C[C[C[C[C[C[C-JULIANDAY(MIN(Timestamp[1P[A[C[C[C[C[C[C[C[C[C[C[C[C[C[C[C[C[C[C[C[C[C[C[C[C[C[C[C[C[C[C[C[C[C[C[C[C[C[C[C[C[C[C[C[C[C[C[C[C[C[C[C[C[C[C[C[C[C[C[C[C[C[C[C[C[C[C[C[C[C[C[C[C[C[C[C[C[C[C[C[C[C[C[C[C[C[C(JULIANDAY(MAX(Timestamp))-JULIANDAY(MIN(Timestam[1@p[A[C[C[C[C[C[C[C[C[C[C[C[C[C[C[C[C[C[C[C[C[C[C[C[C[C[C[C[C[C[C[C[C[C[C[C[C[C[C[C[C[C[C[C[C[C[C[C[C[C[C[C[C[C[C[C[C[C[C[C[C[C[C[C[C[C[C[C[C[C[C[C[C[C[C[C[C[C[C[C[C[C[C[C[C[C[C[C[C[C[C[C[C[C[C[C[C[C[C[C[C[C[C[C[C
[C[C[C[C[C[C[C[C[C[C[C[C[C[C[C[C[C[C[C[C[1@)[C
Error: near "AS": syntax error
sqlite> SELECT Judge_ID, Judge_Name, COUNT(Timestamp), MIN(Timestamp), MAX(Timestamp), CAST((JULIANDAY(MAX(TTimestamp)) - JULIANDAY(MIN(Timestamp)))*24 AS INT),CAST((((JULIANDAY(MAX(Timestamp))-JULIANDAY(MIN(Timestammp)))*24*60) AS INT)) FROM judges_Table GROUP BY Judge_ID;[C[1P[1@)
Judge_ID,Judge_Name,COUNT(Timestamp),MIN(Timestamp),MAX(Timestamp),"CAST((JULIANDAY(MAX(Timestamp)) - JULIANDAY(MIN(Timestamp)))*24 AS INT)","CAST((((JULIANDAY(MAX(Timestamp))-JULIANDAY(MIN(Timestamp)))*24*60)) AS INT)"
J01,Wayne,31,"8/5/2018 13:47","8/5/2018 17:50",,
J02,Carl,10,"8/5/2018 13:16","8/5/2018 17:14",,
J03,Carol,19,"8/5/2018 13:26","8/5/2018 17:35",,
J04,Bob,36,"8/5/2018 13:11","8/5/2018 17:51",,
J05,Adrian,10,"8/5/2018 13:28","8/5/2018 17:31",,
J06,Aaron,32,"8/5/2018 13:20","8/5/2018 17:43",,
J08,Danny,5,"8/5/2018 15:26","8/5/2018 17:52",,
J09,Dan,24,"8/5/2018 14:08","8/5/2018 17:48",,
Judge_ID," Judge_Name",1,Timestamp,Timestamp,,
sqlite> SELECT Judge_ID, Judge_Name, COUNT(Timestamp), MIN(Timestamp), MAX(Timestamp), CAST((JULIANDAY(MAX(TTimestamp)) - JULIANDAY(MIN(Timestamp)))*24 AS INT),CAST((((JULIANDAY(MAX(Timestamp))-JULIANDAY(MIN(Timestammp)))*24*60)) AS INT) FROM judges_Table GROUP BY Judge_ID;[C[1P[A[C[C[C[C[C[C[C[C[C[C[C[C[C[C[C[C[C[C[C[C[C[C[C[C[C[C[C[C[C[C[C[C[C[C[C[C[C[C[C[C[C[C[C[C[C[C[C[C[C[C[C[C[C[C[C[C[C[C[C[C[C[C[C[C[C[C[C[C[C[C[C[C[C[C[C[C[C[C[C[C[C[C[C[C[C[C[C[C[C[C[C[C[C[C[C[C[C[C[C[C[C[C[C[C[C[CJULIANDAY(MAX(Timestamp))-JULIANDAY(MIN(Timestamp[1P[A[C[C[C[C[C[C[C[C[C[C[C[C[C[C[C[C[C[C[C[C[C[C[C[C[C[C[C[C[C[C[C[C[C[C[C[C[C[C[C[C[C[C[C[C[C[C[C[C[C[C[C[C[C[C[C[C[C[C[C[C[C[C[C[C[C[C[C[C[C[C[C[C[C[C[C[C[C[C[C[C[C[C[C[C[C[C[C[C[C[C[C[C[C[C[C[C[C[C[C[C[C[C[C[C[C
[C[C[C[C[C[C[1@ [1P[C[1@ [C[1@ 
Judge_ID,Judge_Name,COUNT(Timestamp),MIN(Timestamp),MAX(Timestamp),"CAST((JULIANDAY(MAX(Timestamp)) - JULIANDAY(MIN(Timestamp)))*24 AS INT)","CAST(((JULIANDAY(MAX(Timestamp))-JULIANDAY(MIN(Timestamp)))*24 * 60) AS INT)"
J01,Wayne,31,"8/5/2018 13:47","8/5/2018 17:50",,
J02,Carl,10,"8/5/2018 13:16","8/5/2018 17:14",,
J03,Carol,19,"8/5/2018 13:26","8/5/2018 17:35",,
J04,Bob,36,"8/5/2018 13:11","8/5/2018 17:51",,
J05,Adrian,10,"8/5/2018 13:28","8/5/2018 17:31",,
J06,Aaron,32,"8/5/2018 13:20","8/5/2018 17:43",,
J08,Danny,5,"8/5/2018 15:26","8/5/2018 17:52",,
J09,Dan,24,"8/5/2018 14:08","8/5/2018 17:48",,
Judge_ID," Judge_Name",1,Timestamp,Timestamp,,
sqlite> SELECT Judge_ID, Judge_Name, COUNT(Timestamp), MIN(Timestamp), MAX(Timestamp), CAST((JULIANDAY(MAX(TTimestamp)) - JULIANDAY(MIN(Timestamp)))*24 AS INT),CAST(((JULIANDAY(MAX(Timestamp))-JULIANDAY(MIN(Timestampp)))*24 * 60) AS INT) FROM judges_Table GROUP BY Judge_ID;[C[1@/[C[1@ [1@C[1@O[1@U[1@N[1@T[1@([1@T[1@i[1@m[1@e[1@s[1@t[1@a[1@m[1@p[1@)
Judge_ID,Judge_Name,COUNT(Timestamp),MIN(Timestamp),MAX(Timestamp),"CAST((JULIANDAY(MAX(Timestamp)) - JULIANDAY(MIN(Timestamp)))*24 AS INT)","CAST(((JULIANDAY(MAX(Timestamp))-JULIANDAY(MIN(Timestamp)))*24 * 60) AS INT)/ COUNT(Timestamp)"
J01,Wayne,31,"8/5/2018 13:47","8/5/2018 17:50",,
J02,Carl,10,"8/5/2018 13:16","8/5/2018 17:14",,
J03,Carol,19,"8/5/2018 13:26","8/5/2018 17:35",,
J04,Bob,36,"8/5/2018 13:11","8/5/2018 17:51",,
J05,Adrian,10,"8/5/2018 13:28","8/5/2018 17:31",,
J06,Aaron,32,"8/5/2018 13:20","8/5/2018 17:43",,
J08,Danny,5,"8/5/2018 15:26","8/5/2018 17:52",,
J09,Dan,24,"8/5/2018 14:08","8/5/2018 17:48",,
Judge_ID," Judge_Name",1,Timestamp,Timestamp,,
sqlite> SELECT Judge_ID, Judge_Name, COUNT(Timestamp), MIN(Timestamp), MAX(Timestamp), CAST((JULIANDAY(MAX(TTimestamp)) - JULIANDAY(MIN(Timestamp)))*24 AS INT),CAST(((JULIANDAY(MAX(Timestamp))-JULIANDAY(MIN(Timestampp)))*24 * 60) AS INT)/ COUNT(Timestamp) FROM judges_Table GROUP BY Judge_ID;[1@)[1@ [1P[C[1@ [A[C[C[C[C[C[C[C[C[C[C[C[C[C[C[C[C[C[C[C[C[C[C[C[C[C[C[C[C[C[C[C[C[C[C[C[C[C[C[C[C[C[C[C[C[C[C[C[C[C[C[C[C[C[C[C[C[C[C[C[C[C[C[C[C[C[C[C[C[C[C[C[C[C[C[C[C[C[C[C[C[C[C[C[C[C[C[C[C[C[C[C[C[C[C[C[C[C[C[C[C[C[C[C[C[C[C[C[C(JULIANDAY(MAX(Timestamp))-JULIANDAY(MIN(Timestam[1@p[A[C[C[C[C[C[C[C[C[C[C[C[C[C[C[C[C[C[C[C[C[C[C[C[C[C[C[C[C[C[C[C[C[C[C[C[C[C[C[C[C[C[C[C[C[C[C[C[C[C[C[C[C[C[C[C[C

Error: near "AS": syntax error
sqlite> SELECT Judge_ID, Judge_Name, COUNT(Timestamp), MIN(Timestamp), MAX(Timestamp), CAST((JULIANDAY(MAX(TTimestamp)) - JULIANDAY(MIN(Timestamp)))*24 AS INT),CAST((((JULIANDAY(MAX(Timestamp))-JULIANDAY(MIN(Timestammp)))*24 * 60) AS INT) / COUNT(Timestamp)) FROM judges_Table GROUP BY Judge_ID;[1P[A[C[C[C[C[C[C[C[C[C[C[C[C[C[C[C[C[C[C[C[C[C[C[C[C[C[C[C[C[C[C[C[C[C[C[C[C[C[C[C[C[C[C[C[C[C[C[C[C[C[C[C[C[C[C[C[C[C[C[C[C[C[C[C[C[C[C[C[C[C[C[C[C[C[C[C[C[C[C[C[C[C[C[C[C[C[C[C[C[C[C[C[C[C[C[C[C[C[C[C[C[C[C[C[C[C[C[CJULIANDAY(MAX(Timestamp))-JULIANDAY(MIN(Timestamp[1P[A[C[C[C[C[C[C[C[C[C[C[C[C[C[C[C[C[C[C[C[C[C[C[C[C[C[C[C[C[C[C[C[C[C[C[C[C[C[C[C[C[C[C[C[C[C[C[C[C[C[C[C[C[C[C[C[C[CJULIANDAY(MAX(Timestamp))-JULIANDAY(MIN(Timestamp)[C[C[1P[A[C[C[C[C[C[C[C[C[C[C[C[C[C[C[C[C[C[C[C[C[C[C[C[C[C[C[C[C[C[C[C[C[C[C[C[C[C[C[C[C[C[C[C[C[C[C[C[C[C[C[C[C[C[C[C(JULIANDAY(MAX(Timestamp))-JULIANDAY(MIN(Timestamp[C[C[1@)[A[C[C[C[C[C[C[C[C[C[C[C[C[C[C[C[C[C[C[C[C[C[C[C[C[C[C[C[C[C[C[C[C[C[C[C[C[C[C[C[C[C[C[C[C[C[C[C[C[C[C[C[C[C

Judge_ID,Judge_Name,COUNT(Timestamp),MIN(Timestamp),MAX(Timestamp),"CAST((JULIANDAY(MAX(Timestamp)) - JULIANDAY(MIN(Timestamp)))*24 AS INT)","CAST(((JULIANDAY(MAX(Timestamp))-JULIANDAY(MIN(Timestamp)))*24 * 60) AS INT) / COUNT(Timestamp)"
J01,Wayne,31,"8/5/2018 13:47","8/5/2018 17:50",,
J02,Carl,10,"8/5/2018 13:16","8/5/2018 17:14",,
J03,Carol,19,"8/5/2018 13:26","8/5/2018 17:35",,
J04,Bob,36,"8/5/2018 13:11","8/5/2018 17:51",,
J05,Adrian,10,"8/5/2018 13:28","8/5/2018 17:31",,
J06,Aaron,32,"8/5/2018 13:20","8/5/2018 17:43",,
J08,Danny,5,"8/5/2018 15:26","8/5/2018 17:52",,
J09,Dan,24,"8/5/2018 14:08","8/5/2018 17:48",,
Judge_ID," Judge_Name",1,Timestamp,Timestamp,,
sqlite> 
]0;Jiaojiao.Ding72@sol25:~/CISC3140_Lab2-[Jiaojiao.Ding72@sol25 CISC3140_Lab2-]$ git status
# On branch main
# Changes not staged for commit:
#   (use "git add <file>..." to update what will be committed)
#   (use "git checkout -- <file>..." to discard changes in working directory)
#
#	modified:   Lab2DB
#	modified:   judgesTable.csv
#	modified:   script.awk
#
# Untracked files:
#   (use "git add <file>..." to include in what will be committed)
#
#	history_log.txt
no changes added to commit (use "git add" and/or "git commit -a")
]0;Jiaojiao.Ding72@sol25:~/CISC3140_Lab2-[Jiaojiao.Ding72@sol25 CISC3140_Lab2-]$ vim SQLS[Kscripts.sql
[?1049h[?1h=[2;1H▽[6n[2;1H  [1;1H]11;?[1;39r[?12;25h[?12l[?25h[27m[m[H[2J[?25l[39;1H"SQLscripts.sql" 50L, 1351C[>c[27m[m[H[2J[1;1H[38;5;130mCREATE[m [35mTABLE[m judges(
   ...> Judge_ID text,
   ...> Judge_Name text);
.import \judgesTable.csv judges;

[38;5;130mCREATE[m [35mTABLE[m Car_Score
   ...> Car_ID int primary key,
   ...> Car_Score int);
 .import \Car_Score.csv Car_Score;

[38;5;130mCREATE[m [35mTABLE[m Cars(
   ...> Car_ID int primary key,
   ...> Car_Year int,
   ...> Car_Make text,
   ...> Car_Model text,
   ...> Owner_Name text,
   ...> Owner_Email text);
.import \carsTable.csv Cars

[38;5;130mCREATE[m [35mTABLE[m Car_Total(
   ...> Car_ID int,
   ...> Car_Year int,
   ...> Car_Make text,
   ...> Car_Model text,
   ...> Car_Total int);

[38;5;130mINSERT[m [35mINTO[m Car_Total [38;5;130mSELECT[m Cars.Car_ID, Cars.Car_Year, Cars.Car_Make,Cars.Car_Model, Car_Score.Car_Score  [28;1H[35mFROM[m Cars, Car_Score [35mWHERE[m Cars.Car_ID = Car_Score.Car_ID;

[38;5;130mCREATE[m [35mTABLE[m Car_Rank(
   ...> Car_ID int,
   ...> Car_Year int,
   ...> Car_Make text,
   ...> Car_Model text,
   ...> Car_Total int,
   ...> Car_Rank int);

[38;5;130mINSERT[m [35mINTO[m Car_Rank(Car_ID,Car_Year,Car_Make, Car_Model,Car_Total) [38;5;130mSELECT[m Car_ID,Car_Year,Car_Make,Car_Mod[38;1H[94m@                                                                                                          [1;38r[m[1;1H[15M[1;39r[23;1H[38;5;130mINSERT[m [35mINTO[m Car_Rank(Car_ID,Car_Year,Car_Make, Car_Model,Car_Total) [38;5;130mSELECT[m Car_ID,Car_Year,Car_Make,Car_Modd[24;1Hel,Car_Total [35mFROM[m Car_Total [35mORDER[m [35mBY[m Car_Total [35mDESC[m;

[38;5;130mCREATE[m [35mTABLE[m Rank(
   ...> Car_Rank int,
   ...> Car_ID int,
   ...> Car_Year int,
   ...> Car_Make text,
   ...> Car_Model text);

[38;5;130mINSERT[m [35mINTO[m Rank(Ranking, Car_ID,Year,Car_Make,Car_Model) [38;5;130mSELECT[m [32mrowid[m, Car_ID,Car_Year,Car_Make,Car_Model  [34;1H[35mFROM[m Car_Rank;

.[35mmode[m csv
.output extract1.csv
[38;5;130mSELECT[m * [35mFROM[m Rank;[39;90H50,1[10CBot"SQLscripts.sql" 50L, 1351C[62C    [10C   [38;1H[?12l[?25h[?25l
[1m-- INSERT --[m[39;13H[K[39;90H50,1[10CBot[38;1H[?12l[?25h[?25l[39;90H49[37;1H[?12l[?25h[?25l[39;90H50[38;1H[?12l[?25h[?25l[39;1H[K[39;1H=sqlcomplete#DrillIntoTable()[1m-- INSERT --[m[39;13H[K[39;90H50,2[10CBot[38;2H[?12l[?25h[?25l[39;1H[K[39;1H=sqlcomplete#DrillIntoTable()[1m-- INSERT --[m[39;13H[K[39;90H50,3[10CBot[38;3H[?12l[?25h[?25l[39;1H[K[39;1H=sqlcomplete#DrillIntoTable()[1m-- INSERT --[m[39;13H[K[39;90H50,4[10CBot[38;4H[?12l[?25h[?25l[39;1H[K[39;1H=sqlcomplete#DrillIntoTable()[1m-- INSERT --[m[39;13H[K[39;90H50,5[10CBot[38;5H[?12l[?25h[?25l[39;1H[K[39;1H=sqlcomplete#DrillIntoTable()[1m-- INSERT --[m[39;13H[K[39;90H50,6[10CBot[38;6H[?12l[?25h[?25l[39;1H[K[39;1H=sqlcomplete#DrillIntoTable()[1m-- INSERT --[m[39;13H[K[39;90H50,7[10CBot[38;7H[?12l[?25h[?25l[39;1H[K[39;1H=sqlcomplete#DrillIntoTable()[1m-- INSERT --[m[39;13H[K[39;90H50,8[10CBot[38;8H[?12l[?25h[?25l[39;1H[K[39;1H=sqlcomplete#DrillIntoTable()[1m-- INSERT --[m[39;13H[K[39;90H50,9[10CBot[38;9H[?12l[?25h[?25l[39;1H[K[39;1H=sqlcomplete#DrillIntoTable()[1m-- INSERT --[m[39;13H[K[39;90H50,10[9CBot[38;10H[?12l[?25h[?25l[39;1H[K[39;1H=sqlcomplete#DrillIntoTable()[1m-- INSERT --[m[39;13H[K[39;90H50,11[9CBot[38;11H[?12l[?25h[?25l[39;1H[K[39;1H=sqlcomplete#DrillIntoTable()[1m-- INSERT --[m[39;13H[K[39;90H50,12[9CBot[38;12H[?12l[?25h[?25l[39;1H[K[39;1H=sqlcomplete#DrillIntoTable()[1m-- INSERT --[m[39;13H[K[39;90H50,13[9CBot[38;13H[?12l[?25h[?25l[39;1H[K[39;1H=sqlcomplete#DrillIntoTable()[1m-- INSERT --[m[39;13H[K[39;90H50,14[9CBot[38;14H[?12l[?25h[?25l[39;1H[K[39;1H=sqlcomplete#DrillIntoTable()[1m-- INSERT --[m[39;13H[K[39;90H50,15[9CBot[38;15H[?12l[?25h[?25l[39;1H[K[39;1H=sqlcomplete#DrillIntoTable()[1m-- INSERT --[m[39;13H[K[39;90H50,16[9CBot[38;16H[?12l[?25h[?25l[39;1H[K[39;1H=sqlcomplete#DrillIntoTable()[1m-- INSERT --[m[39;13H[K[39;90H50,17[9CBot[38;17H[?12l[?25h[?25l[39;1H[K[39;1H=sqlcomplete#DrillIntoTable()[1m-- INSERT --[m[39;13H[K[39;90H50,18[9CBot[38;18H[?12l[?25h[?25l[39;1H[K[39;1H=sqlcomplete#DrillIntoTable()[1m-- INSERT --[m[39;13H[K[39;90H50,19[9CBot[38;19H[?12l[?25h[?25l[39;1H[K[39;1H=sqlcomplete#DrillIntoTable()[1m-- INSERT --[m[39;13H[K[39;90H50,20[9CBot[38;20H[?12l[?25h[?25l[39;1H[K[39;1H=sqlcomplete#DrillIntoTable()[1m-- INSERT --[m[39;13H[K[39;90H50,20[9CBot[38;20H[?12l[?25h[?25l[39;1H[K[39;1H=sqlcomplete#DrillIntoTable()[1m-- INSERT --[m[39;13H[K[39;90H50,20[9CBot[38;20H[?12l[?25h[?25l[39;1H[K[39;1H=sqlcomplete#DrillIntoTable()[1m-- INSERT --[m[39;13H[K[39;90H50,20[9CBot[38;20H[?12l[?25h[?25l[1;38r[38;1H
[1;39r[39;90H[K[39;90H51,1[10CBot[38;1H[?12l[?25h[?25l[1;38r[38;1H
[1;39r[39;90H[K[39;90H52,1[10CBot[38;1H[?12l[?25h[?25l[1;38r[1;1H[6M[1;39r[32;1H[38;5;130mCREATE[m [35mTABLE[m RankTopOne(
   ...> Rank int,
   ...> Car_Make text,
   ...> Car_ID int,
   ...> Total_Score int);
[38;5;130mINSERT[m [35mINTO[m RankTopOne(Rank, Car_Make,Car_ID,Total_Score)[38;5;130mSELECT[m Rank, Car_Make,Car_ID,Total_Score [35mFROM[m Rankk[38;1HWithTotal [35mGROUP[m [35mBY[m Car_Make;[39;90H[K[39;90H57,136[8CBot[38;29H[?12l[?25h[?25l[1;38r[38;1H
[1;39r[39;90H[K[39;90H58,1[10CBot[38;1H[?12l[?25h[?25l[1;38r[38;1H
[1;39r[39;90H[K[39;90H59,1[10CBot[38;1H[?12l[?25h[?25l[1;38r[38;1H
[1;39r[37;1H[38;5;130mDELETE[m [35mFROM[m RankWithTotal [35mWHERE[m [38;5;130mEXISTS[m ([38;5;130mSELECT[m * [35mFROM[m RankTopOne [35mWHERE[m RankTopOne.Rank == RankWithTotal.Rann[38;1Hk);[39;90H[K[39;90H59,111[8CBot[38;4H[?12l[?25h[?25l[39;91H8,1  [36;1H[?12l[?25h[?25l[39;91H7,111[35;4H[?12l[?25h[?25l[39;91H6,26 [33;26H[?12l[?25h[?25l[34;38r[34;1H[L[1;39r[38;1H[94m@                                                                                                          [m[39;90H[K[39;90H57,1[10C96%[34;1H[?12l[?25h[?25l[39;91H8[35;1H[?12l[?25h[?25l[39;91H9[37;1H[?12l[?25h[?25l[1;38r[1;1H[2M[1;39r[36;1H[38;5;130mDELETE[m [35mFROM[m RankWithTotal [35mWHERE[m [38;5;130mEXISTS[m ([38;5;130mSELECT[m * [35mFROM[m RankTopOne [35mWHERE[m RankTopOne.Rank == RankWithTotal.Rann[37;1Hk);
[94m~                                                                                                          [m[39;90H[K[39;90H60,1[10CBot[36;1H[?12l[?25h[?25l[39;1H[K[39;1H=sqlcomplete#DrillIntoTable()[1m-- INSERT --[m[39;13H[K[39;90H60,2[10CBot[36;2H[?12l[?25h[?25l[39;1H[K[39;1H=sqlcomplete#DrillIntoTable()[1m-- INSERT --[m[39;13H[K[39;90H60,3[10CBot[36;3H[?12l[?25h[?25l[39;1H[K[39;1H=sqlcomplete#DrillIntoTable()[1m-- INSERT --[m[39;13H[K[39;90H60,4[10CBot[36;4H[?12l[?25h[?25l[39;1H[K[39;1H=sqlcomplete#DrillIntoTable()[1m-- INSERT --[m[39;13H[K[39;90H60,5[10CBot[36;5H[?12l[?25h[?25l[39;1H[K[39;1H=sqlcomplete#DrillIntoTable()[1m-- INSERT --[m[39;13H[K[39;90H60,6[10CBot[36;6H[?12l[?25h[?25l[39;1H[K[39;1H=sqlcomplete#DrillIntoTable()[1m-- INSERT --[m[39;13H[K[39;90H60,7[10CBot[36;7H[?12l[?25h[?25l[39;1H[K[39;1H=sqlcomplete#DrillIntoTable()[1m-- INSERT --[m[39;13H[K[39;90H60,8[10CBot[36;8H[?12l[?25h[?25l[39;1H[K[39;1H=sqlcomplete#DrillIntoTable()[1m-- INSERT --[m[39;13H[K[39;90H60,9[10CBot[36;9H[?12l[?25h[?25l[39;1H[K[39;1H=sqlcomplete#DrillIntoTable()[1m-- INSERT --[m[39;13H[K[39;90H60,10[9CBot[36;10H[?12l[?25h[?25l[39;1H[K[39;1H=sqlcomplete#DrillIntoTable()[1m-- INSERT --[m[39;13H[K[39;90H60,11[9CBot[36;11H[?12l[?25h[?25l[39;1H[K[39;1H=sqlcomplete#DrillIntoTable()[1m-- INSERT --[m[39;13H[K[39;90H60,12[9CBot[36;12H[?12l[?25h[?25l[39;1H[K[39;1H=sqlcomplete#DrillIntoTable()[1m-- INSERT --[m[39;13H[K[39;90H60,13[9CBot[36;13H[?12l[?25h[?25l[39;1H[K[39;1H=sqlcomplete#DrillIntoTable()[1m-- INSERT --[m[39;13H[K[39;90H60,14[9CBot[36;14H[?12l[?25h[?25l[39;1H[K[39;1H=sqlcomplete#DrillIntoTable()[1m-- INSERT --[m[39;13H[K[39;90H60,15[9CBot[36;15H[?12l[?25h[?25l[39;1H[K[39;1H=sqlcomplete#DrillIntoTable()[1m-- INSERT --[m[39;13H[K[39;90H60,16[9CBot[36;16H[?12l[?25h[?25l[39;1H[K[39;1H=sqlcomplete#DrillIntoTable()[1m-- INSERT --[m[39;13H[K[39;90H60,17[9CBot[36;17H[?12l[?25h[?25l[39;1H[K[39;1H=sqlcomplete#DrillIntoTable()[1m-- INSERT --[m[39;13H[K[39;90H60,18[9CBot[36;18H[?12l[?25h[?25l[39;1H[K[39;1H=sqlcomplete#DrillIntoTable()[1m-- INSERT --[m[39;13H[K[39;90H60,19[9CBot[36;19H[?12l[?25h[?25l[39;1H[K[39;1H=sqlcomplete#DrillIntoTable()[1m-- INSERT --[m[39;13H[K[39;90H60,20[9CBot[36;20H[?12l[?25h[?25l[39;1H[K[39;1H=sqlcomplete#DrillIntoTable()[1m-- INSERT --[m[39;13H[K[39;90H60,21[9CBot[36;21H[?12l[?25h[?25l[39;1H[K[39;1H=sqlcomplete#DrillIntoTable()[1m-- INSERT --[m[39;13H[K[39;90H60,22[9CBot[36;22H[?12l[?25h[?25l[39;1H[K[39;1H=sqlcomplete#DrillIntoTable()[1m-- INSERT --[m[39;13H[K[39;90H60,23[9CBot[36;23H[?12l[?25h[?25l[39;1H[K[39;1H=sqlcomplete#DrillIntoTable()[1m-- INSERT --[m[39;13H[K[39;90H60,24[9CBot[36;24H[?12l[?25h[?25l[39;1H[K[39;1H=sqlcomplete#DrillIntoTable()[1m-- INSERT --[m[39;13H[K[39;90H60,25[9CBot[36;25H[?12l[?25h[?25l[39;1H[K[39;1H=sqlcomplete#DrillIntoTable()[1m-- INSERT --[m[39;13H[K[39;90H60,26[9CBot[36;26H[?12l[?25h[?25l[39;1H[K[39;1H=sqlcomplete#DrillIntoTable()[1m-- INSERT --[m[39;13H[K[39;90H60,27[9CBot[36;27H[?12l[?25h[?25l[39;1H[K[39;1H=sqlcomplete#DrillIntoTable()[1m-- INSERT --[m[39;13H[K[39;90H60,28[9CBot[36;28H[?12l[?25h[?25l[39;1H[K[39;1H=sqlcomplete#DrillIntoTable()[1m-- INSERT --[m[39;13H[K[39;90H60,29[9CBot[36;29H[?12l[?25h[?25l[39;1H[K[39;1H=sqlcomplete#DrillIntoTable()[1m-- INSERT --[m[39;13H[K[39;90H60,30[9CBot[36;30H[?12l[?25h[?25l[39;1H[K[39;1H=sqlcomplete#DrillIntoTable()[1m-- INSERT --[m[39;13H[K[39;90H60,31[9CBot[36;31H[?12l[?25h[?25l[39;1H[K[39;1H=sqlcomplete#DrillIntoTable()[1m-- INSERT --[m[39;13H[K[39;90H60,32[9CBot[36;32H[?12l[?25h[?25l[39;1H[K[39;1H=sqlcomplete#DrillIntoTable()[1m-- INSERT --[m[39;13H[K[39;90H60,33[9CBot[36;33H[?12l[?25h[?25l[39;1H[K[39;1H=sqlcomplete#DrillIntoTable()[1m-- INSERT --[m[39;13H[K[39;90H60,34[9CBot[36;34H[?12l[?25h[?25l[39;1H[K[39;1H=sqlcomplete#DrillIntoTable()[1m-- INSERT --[m[39;13H[K[39;90H60,35[9CBot[36;35H[?12l[?25h[?25l[39;1H[K[39;1H=sqlcomplete#DrillIntoTable()[1m-- INSERT --[m[39;13H[K[39;90H60,36[9CBot[36;36H[?12l[?25h[?25l[39;1H[K[39;1H=sqlcomplete#DrillIntoTable()[1m-- INSERT --[m[39;13H[K[39;90H60,37[9CBot[36;37H[?12l[?25h[?25l[39;1H[K[39;1H=sqlcomplete#DrillIntoTable()[1m-- INSERT --[m[39;13H[K[39;90H60,38[9CBot[36;38H[?12l[?25h[?25l[39;1H[K[39;1H=sqlcomplete#DrillIntoTable()[1m-- INSERT --[m[39;13H[K[39;90H60,39[9CBot[36;39H[?12l[?25h[?25l[39;1H[K[39;1H=sqlcomplete#DrillIntoTable()[36;40H[106m([m[66Cnn[37;1Hk[106m)[m

[1m-- INSERT --[m[39;13H[K[39;90H60,40[9CBot[36;40H[?12l[?25h[?25l[39;1H[K[39;1H=sqlcomplete#DrillIntoTable()[1m-- INSERT --[m[39;13H[K[39;90H60,41[9CBot[36;41H[?12l[?25h[?25l[39;1H[K[39;1H=sqlcomplete#DrillIntoTable()[36;40H([66Cnn[37;1Hk)

[1m-- INSERT --[m[39;13H[K[39;90H60,42[9CBot[36;42H[?12l[?25h[?25l[39;1H[K[39;1H=sqlcomplete#DrillIntoTable()[1m-- INSERT --[m[39;13H[K[39;90H60,43[9CBot[36;43H[?12l[?25h[?25l[39;1H[K[39;1H=sqlcomplete#DrillIntoTable()[1m-- INSERT --[m[39;13H[K[39;90H60,44[9CBot[36;44H[?12l[?25h[?25l[39;1H[K[39;1H=sqlcomplete#DrillIntoTable()[1m-- INSERT --[m[39;13H[K[39;90H60,45[9CBot[36;45H[?12l[?25h[?25l[39;1H[K[39;1H=sqlcomplete#DrillIntoTable()[1m-- INSERT --[m[39;13H[K[39;90H60,46[9CBot[36;46H[?12l[?25h[?25l[39;1H[K[39;1H=sqlcomplete#DrillIntoTable()[1m-- INSERT --[m[39;13H[K[39;90H60,47[9CBot[36;47H[?12l[?25h[?25l[39;1H[K[39;1H=sqlcomplete#DrillIntoTable()[1m-- INSERT --[m[39;13H[K[39;90H60,48[9CBot[36;48H[?12l[?25h[?25l[39;1H[K[39;1H=sqlcomplete#DrillIntoTable()[1m-- INSERT --[m[39;13H[K[39;90H60,49[9CBot[36;49H[?12l[?25h[?25l[39;1H[K[39;1H=sqlcomplete#DrillIntoTable()[1m-- INSERT --[m[39;13H[K[39;90H60,50[9CBot[36;50H[?12l[?25h[?25l[39;1H[K[39;1H=sqlcomplete#DrillIntoTable()[1m-- INSERT --[m[39;13H[K[39;90H60,51[9CBot[36;51H[?12l[?25h[?25l[39;1H[K[39;1H=sqlcomplete#DrillIntoTable()[1m-- INSERT --[m[39;13H[K[39;90H60,52[9CBot[36;52H[?12l[?25h[?25l[39;1H[K[39;1H=sqlcomplete#DrillIntoTable()[1m-- INSERT --[m[39;13H[K[39;90H60,53[9CBot[36;53H[?12l[?25h[?25l[39;1H[K[39;1H=sqlcomplete#DrillIntoTable()[1m-- INSERT --[m[39;13H[K[39;90H60,54[9CBot[36;54H[?12l[?25h[?25l[39;1H[K[39;1H=sqlcomplete#DrillIntoTable()[1m-- INSERT --[m[39;13H[K[39;90H60,55[9CBot[36;55H[?12l[?25h[?25l[39;1H[K[39;1H=sqlcomplete#DrillIntoTable()[1m-- INSERT --[m[39;13H[K[39;90H60,56[9CBot[36;56H[?12l[?25h[?25l[39;1H[K[39;1H=sqlcomplete#DrillIntoTable()[1m-- INSERT --[m[39;13H[K[39;90H60,57[9CBot[36;57H[?12l[?25h[?25l[39;1H[K[39;1H=sqlcomplete#DrillIntoTable()[1m-- INSERT --[m[39;13H[K[39;90H60,58[9CBot[36;58H[?12l[?25h[?25l[39;1H[K[39;1H=sqlcomplete#DrillIntoTable()[1m-- INSERT --[m[39;13H[K[39;90H60,59[9CBot[36;59H[?12l[?25h[?25l[39;1H[K[39;1H=sqlcomplete#DrillIntoTable()[1m-- INSERT --[m[39;13H[K[39;90H60,60[9CBot[36;60H[?12l[?25h[?25l[39;1H[K[39;1H=sqlcomplete#DrillIntoTable()[1m-- INSERT --[m[39;13H[K[39;90H60,61[9CBot[36;61H[?12l[?25h[?25l[39;1H[K[39;1H=sqlcomplete#DrillIntoTable()[1m-- INSERT --[m[39;13H[K[39;90H60,62[9CBot[36;62H[?12l[?25h[?25l[39;1H[K[39;1H=sqlcomplete#DrillIntoTable()[1m-- INSERT --[m[39;13H[K[39;90H60,63[9CBot[36;63H[?12l[?25h[?25l[39;1H[K[39;1H=sqlcomplete#DrillIntoTable()[1m-- INSERT --[m[39;13H[K[39;90H60,64[9CBot[36;64H[?12l[?25h[?25l[39;1H[K[39;1H=sqlcomplete#DrillIntoTable()[1m-- INSERT --[m[39;13H[K[39;90H60,65[9CBot[36;65H[?12l[?25h[?25l[39;1H[K[39;1H=sqlcomplete#DrillIntoTable()[1m-- INSERT --[m[39;13H[K[39;90H60,66[9CBot[36;66H[?12l[?25h[?25l[39;1H[K[39;1H=sqlcomplete#DrillIntoTable()[1m-- INSERT --[m[39;13H[K[39;90H60,67[9CBot[36;67H[?12l[?25h[?25l[39;1H[K[39;1H=sqlcomplete#DrillIntoTable()[1m-- INSERT --[m[39;13H[K[39;90H60,68[9CBot[36;68H[?12l[?25h[?25l[39;1H[K[39;1H=sqlcomplete#DrillIntoTable()[1m-- INSERT --[m[39;13H[K[39;90H60,69[9CBot[36;69H[?12l[?25h[?25l[39;1H[K[39;1H=sqlcomplete#DrillIntoTable()[1m-- INSERT --[m[39;13H[K[39;90H60,70[9CBot[36;70H[?12l[?25h[?25l[39;1H[K[39;1H=sqlcomplete#DrillIntoTable()[1m-- INSERT --[m[39;13H[K[39;90H60,71[9CBot[36;71H[?12l[?25h[?25l[39;1H[K[39;1H=sqlcomplete#DrillIntoTable()[1m-- INSERT --[m[39;13H[K[39;90H60,72[9CBot[36;72H[?12l[?25h[?25l[39;1H[K[39;1H=sqlcomplete#DrillIntoTable()[1m-- INSERT --[m[39;13H[K[39;90H60,73[9CBot[36;73H[?12l[?25h[?25l[39;1H[K[39;1H=sqlcomplete#DrillIntoTable()[1m-- INSERT --[m[39;13H[K[39;90H60,74[9CBot[36;74H[?12l[?25h[?25l[39;1H[K[39;1H=sqlcomplete#DrillIntoTable()[1m-- INSERT --[m[39;13H[K[39;90H60,75[9CBot[36;75H[?12l[?25h[?25l[39;1H[K[39;1H=sqlcomplete#DrillIntoTable()[1m-- INSERT --[m[39;13H[K[39;90H60,76[9CBot[36;76H[?12l[?25h[?25l[39;1H[K[39;1H=sqlcomplete#DrillIntoTable()[1m-- INSERT --[m[39;13H[K[39;90H60,77[9CBot[36;77H[?12l[?25h[?25l[39;1H[K[39;1H=sqlcomplete#DrillIntoTable()[1m-- INSERT --[m[39;13H[K[39;90H60,78[9CBot[36;78H[?12l[?25h[?25l[39;1H[K[39;1H=sqlcomplete#DrillIntoTable()[1m-- INSERT --[m[39;13H[K[39;90H60,79[9CBot[36;79H[?12l[?25h[?25l[39;1H[K[39;1H=sqlcomplete#DrillIntoTable()[1m-- INSERT --[m[39;13H[K[39;90H60,80[9CBot[36;80H[?12l[?25h[?25l[39;1H[K[39;1H=sqlcomplete#DrillIntoTable()[1m-- INSERT --[m[39;13H[K[39;90H60,81[9CBot[36;81H[?12l[?25h[?25l[39;1H[K[39;1H=sqlcomplete#DrillIntoTable()[1m-- INSERT --[m[39;13H[K[39;90H60,82[9CBot[36;82H[?12l[?25h[?25l[39;1H[K[39;1H=sqlcomplete#DrillIntoTable()[1m-- INSERT --[m[39;13H[K[39;90H60,83[9CBot[36;83H[?12l[?25h[?25l[39;1H[K[39;1H=sqlcomplete#DrillIntoTable()[1m-- INSERT --[m[39;13H[K[39;90H60,84[9CBot[36;84H[?12l[?25h[?25l[39;1H[K[39;1H=sqlcomplete#DrillIntoTable()[1m-- INSERT --[m[39;13H[K[39;90H60,85[9CBot[36;85H[?12l[?25h[?25l[39;1H[K[39;1H=sqlcomplete#DrillIntoTable()[1m-- INSERT --[m[39;13H[K[39;90H60,86[9CBot[36;86H[?12l[?25h[?25l[39;1H[K[39;1H=sqlcomplete#DrillIntoTable()[1m-- INSERT --[m[39;13H[K[39;90H60,87[9CBot[36;87H[?12l[?25h[?25l[39;1H[K[39;1H=sqlcomplete#DrillIntoTable()[1m-- INSERT --[m[39;13H[K[39;90H60,88[9CBot[36;88H[?12l[?25h[?25l[39;1H[K[39;1H=sqlcomplete#DrillIntoTable()[1m-- INSERT --[m[39;13H[K[39;90H60,89[9CBot[36;89H[?12l[?25h[?25l[39;1H[K[39;1H=sqlcomplete#DrillIntoTable()[1m-- INSERT --[m[39;13H[K[39;90H60,90[9CBot[36;90H[?12l[?25h[?25l[39;1H[K[39;1H=sqlcomplete#DrillIntoTable()[1m-- INSERT --[m[39;13H[K[39;90H60,91[9CBot[36;91H[?12l[?25h[?25l[39;1H[K[39;1H=sqlcomplete#DrillIntoTable()[1m-- INSERT --[m[39;13H[K[39;90H60,92[9CBot[36;92H[?12l[?25h[?25l[39;1H[K[39;1H=sqlcomplete#DrillIntoTable()[1m-- INSERT --[m[39;13H[K[39;90H60,93[9CBot[36;93H[?12l[?25h[?25l[39;1H[K[39;1H=sqlcomplete#DrillIntoTable()[1m-- INSERT --[m[39;13H[K[39;90H60,94[9CBot[36;94H[?12l[?25h[?25l[39;1H[K[39;1H=sqlcomplete#DrillIntoTable()[1m-- INSERT --[m[39;13H[K[39;90H60,95[9CBot[36;95H[?12l[?25h[?25l[39;1H[K[39;1H=sqlcomplete#DrillIntoTable()[1m-- INSERT --[m[39;13H[K[39;90H60,96[9CBot[36;96H[?12l[?25h[?25l[39;1H[K[39;1H=sqlcomplete#DrillIntoTable()[1m-- INSERT --[m[39;13H[K[39;90H60,97[9CBot[36;97H[?12l[?25h[?25l[39;1H[K[39;1H=sqlcomplete#DrillIntoTable()[1m-- INSERT --[m[39;13H[K[39;90H60,98[9CBot[36;98H[?12l[?25h[?25l[39;1H[K[39;1H=sqlcomplete#DrillIntoTable()[1m-- INSERT --[m[39;13H[K[39;90H60,99[9CBot[36;99H[?12l[?25h[?25l[39;1H[K[39;1H=sqlcomplete#DrillIntoTable()[1m-- INSERT --[m[39;13H[K[39;90H60,100[8CBot[36;100H[?12l[?25h[?25l[39;1H[K[39;1H=sqlcomplete#DrillIntoTable()[1m-- INSERT --[m[39;13H[K[39;90H60,101[8CBot[36;101H[?12l[?25h[?25l[39;1H[K[39;1H=sqlcomplete#DrillIntoTable()[1m-- INSERT --[m[39;13H[K[39;90H60,102[8CBot[36;102H[?12l[?25h[?25l[39;1H[K[39;1H=sqlcomplete#DrillIntoTable()[1m-- INSERT --[m[39;13H[K[39;90H60,103[8CBot[36;103H[?12l[?25h[?25l[39;1H[K[39;1H=sqlcomplete#DrillIntoTable()[1m-- INSERT --[m[39;13H[K[39;90H60,104[8CBot[36;104H[?12l[?25h[?25l[39;1H[K[39;1H=sqlcomplete#DrillIntoTable()[1m-- INSERT --[m[39;13H[K[39;90H60,105[8CBot[36;105H[?12l[?25h[?25l[39;1H[K[39;1H=sqlcomplete#DrillIntoTable()[1m-- INSERT --[m[39;13H[K[39;90H60,106[8CBot[36;106H[?12l[?25h[?25l[39;1H[K[39;1H=sqlcomplete#DrillIntoTable()[1m-- INSERT --[m[39;13H[K[39;90H60,107[8CBot[36;107H[?12l[?25h[?25l[39;1H[K[39;1H=sqlcomplete#DrillIntoTable()[1m-- INSERT --[m[39;13H[K[39;90H60,108[8CBot[37;1H[?12l[?25h[?25l[39;1H[K[39;1H=sqlcomplete#DrillIntoTable()[36;40H[106m([m[66Cnn[37;1Hk[106m)[m

[1m-- INSERT --[m[39;13H[K[39;90H60,109[8CBot[37;2H[?12l[?25h[?25l[39;1H[K[39;1H=sqlcomplete#DrillIntoTable()[1m-- INSERT --[m[39;13H[K[39;90H60,110[8CBot[37;3H[?12l[?25h[?25l[39;1H[K[39;1H=sqlcomplete#DrillIntoTable()[36;40H([66Cnn[37;1Hk)

[1m-- INSERT --[m[39;13H[K[39;90H60,111[8CBot[37;4H[?12l[?25h[?25l[39;1H[K[39;1H=sqlcomplete#DrillIntoTable()[1m-- INSERT --[m[39;13H[K[39;90H60,111[8CBot[37;4H[?12l[?25h[?25l[39;1H[K[39;1H=sqlcomplete#DrillIntoTable()[1m-- INSERT --[m[39;13H[K[39;90H60,111[8CBot[37;4H[?12l[?25h[?25l[38;1H[K[39;91H1,1  [38;1H[?12l[?25h[?25l[1;38r[38;1H
[1;39r[39;90H[K[39;90H62,1[10CBot[38;1H[?12l[?25h[?25l[1;38r[38;1H
[1;39r[39;90H[K[39;90H63,1[10CBot[38;1H[?12l[?25h[?25l[1;38r[38;1H
[1;39r[39;90H[K[39;90H64,1[10CBot[38;1H[?12l[?25h[?25l[1;38r[38;1H
[1;39r[39;90H[K[39;90H65,1[10CBot[38;1H[?12l[?25h[?25l[39;91H4[37;1H[?12l[?25h[?25l[39;91H3[36;1H[?12l[?25h[?25l[39;91H2[35;1H[?12l[?25h[?25l[1;38r[1;1H[7M[1;39r[28;1H[38;5;130mCREATE[m [35mTABLE[m RankTopTwo(
   ...> Rank int,
   ...> Car_Make text,
   ...> Car_ID int,
   ...> Total_Score int);
[38;5;130mINSERT[m [35mINTO[m RankTopTwo(Rank, Car_Make,Car_ID,Total_Score)[38;5;130mSELECT[m MIN(Rank), Car_Make,Car_ID,Total_Score [35mFROMM[m[34;1H RankWithTotal [35mGROUP[m [35mBY[m Car_Make [35mORDER[m [35mBY[m Rank;

[38;5;130mDELETE[m [35mFROM[m RankWithTotal [35mWHERE[m [38;5;130mEXISTS[m ([38;5;130mSELECT[m * [35mFROM[m RankTopTwo [35mWHERE[m RankTopTwo.Rank == RankWithTotal.Rann[37;1Hk);[39;90H[K[39;90H70,1[10C92%[38;1H[?12l[?25h[?25l[39;90H69[36;1H[?12l[?25h[?25l[39;91H8[35;1H[?12l[?25h[?25l[39;91H7[33;1H[?12l[?25h[?25l[39;91H6[32;1H[?12l[?25h[?25l[39;1H[K[39;1H=sqlcomplete#DrillIntoTable()[1m-- INSERT --[m[39;13H[K[39;90H66,2[10C92%[32;2H[?12l[?25h[?25l[39;91H7[33;2H[?12l[?25h[?25l[39;1H[K[39;1H=sqlcomplete#DrillOutOfColumns()[1m-- INSERT --[m[39;13H[K[39;90H67,1[10C92%[33;1H[?12l[?25h[?25l[35;38r[35;1H[L[1;39r[33;1H[K[34;1H[38;5;130mINSERT[m [35mINTO[m RankTopTwo(Rank, Car_Make,Car_ID,Total_Score)[38;5;130mSELECT[m MIN(Rank), Car_Make,Car_ID,Total_Score [35mFROMM[m[35;1H RankWithTotal [35mGROUP[m [35mBY[m Car_Make [35mORDER[m [35mBY[m Rank;[39;90H[K[39;90H68,1[10C90%[34;1H[?12l[?25h[?25l[39;91H9[36;1H[?12l[?25h[?25l[39;90H70[37;1H[?12l[?25h[?25l[1;38r[38;1H
[1;39r[39;90H[K[39;90H71,1[10C92%[38;1H[?12l[?25h[?25l[1;38r[38;1H
[1;39r[39;90H[K[39;90H72,1[10C95%[38;1H[?12l[?25h[?25l[1;38r[38;1H
[1;39r[39;90H[K[39;90H73,1[10C97%[38;1H[?12l[?25h[?25l[1;38r[38;1H
[1;39r[39;90H[K[39;90H74,1[10CBot[38;1H[?12l[?25h[?25l[39;91H3[37;1H[?12l[?25h[?25l[1;38r[1;1H[8M[1;39r[29;1H[38;5;130mCREATE[m [35mTABLE[m RankTopThree(
   ...> Rank int,
   ...> Car_Make text,
   ...> Car_ID int,
   ...> Total_Score int);

[38;5;130mINSERT[m [35mINTO[m RankTopThree(Rank, Car_Make,Car_ID,Total_Score)[38;5;130mSELECT[m MIN(Rank), Car_Make,Car_ID,Total_Score [35mFRR[36;1HOM[m RankWithTotal [35mGROUP[m [35mBY[m Car_Make [35mORDER[m [35mBY[m Rank;[39;90H[K[39;90H81,1[10C97%[38;1H[?12l[?25h[?25l[39;91H0[37;1H[?12l[?25h[?25l[39;90H79[35;1H[?12l[?25h[?25l[39;91H8[34;1H[?12l[?25h[?25l[39;91H7[33;1H[?12l[?25h[?25l[39;91H6[32;1H[?12l[?25h[?25l[39;91H5[31;1H[?12l[?25h[?25l[39;91H4[30;1H[?12l[?25h[?25l[39;91H3[29;1H[?12l[?25h[?25l[39;91H2[28;1H[?12l[?25h[?25l[27;38r[38;1H
[1;39r[39;90H[K[39;90H71,1[10CBot[27;1H[?12l[?25h[?25l[39;91H2[28;1H[?12l[?25h[?25l[39;91H3[29;1H[?12l[?25h[?25l[39;91H4[30;1H[?12l[?25h[?25l[39;91H5[31;1H[?12l[?25h[?25l[39;91H6[32;1H[?12l[?25h[?25l[39;91H7[33;1H[?12l[?25h[?25l[39;91H8[34;1H[?12l[?25h[?25l[39;91H9[36;1H[?12l[?25h[?25l[39;90H80[37;1H[?12l[?25h[?25l[39;91H1[38;1H[?12l[?25h[?25l[1;38r[1;1H[7M[1;39r[31;1H[38;5;130mCREATE[m [35mTABLE[m TopThree_Car(
   ...> Rank int,
   ...> Car_Make text,
   ...> Car_ID int,
   ...> Total_Score int);

[38;5;130mINSERT[m [35mINTO[m TopThree_Car(Rank, Car_Make,Car_ID,Total_Score) [38;5;130mSELECT[m * [35mFROM[m RankTopOne [38;5;130mUNION[m [38;5;130mSELECT[m * [35mFROM[m Raa[38;1HnkTopTwo [38;5;130mUNION[m [38;5;130mSELECT[m * [35mFROM[m RankTopThree [35mORDER[m [35mBY[m Car_Make, rank;[39;90H[K[39;90H87,174[8CBot[38;67H[?12l[?25h[?25l[39;91H6,1  [36;1H[?12l[?25h[?25l[39;91H5,26[35;26H[?12l[?25h[?25l[39;91H4,20[34;20H[?12l[?25h[?25l[39;91H3,23[33;23H[?12l[?25h[?25l[39;91H2,18[32;18H[?12l[?25h[?25l[31;26H[106m([35;24H)[m[39;91H1,27[31;27H[?12l[?25h[?25l([35;24H)[39;91H0,1 [30;1H[?12l[?25h[?25l[39;90H79[29;1H[?12l[?25h[?25l[39;91H8,27[27;27H[?12l[?25h[?25l[39;91H7,1 [26;1H[?12l[?25h[?25l[39;91H6,26[25;26H[?12l[?25h[?25l[39;91H5,20[24;20H[?12l[?25h[?25l[39;91H4,23[23;23H[?12l[?25h[?25l[39;91H3,18[22;18H[?12l[?25h[?25l[21;26H[106m([25;24H)[m[39;91H2,27[21;27H[?12l[?25h[?25l([25;24H)[39;91H1,1 [20;1H[?12l[?25h[?25l[39;91H0,27[18;27H[?12l[?25h[?25l[39;90H69,2 [17;2H[?12l[?25h[?25l[39;91H8,27[15;27H[?12l[?25h[?25l[39;91H7,1 [14;1H[?12l[?25h[?25l[39;91H6,26[13;26H[?12l[?25h[?25l[39;91H5,20[12;20H[?12l[?25h[?25l[39;91H4,23[11;23H[?12l[?25h[?25l[39;91H3,18[10;18H[?12l[?25h[?25l[9;24H[106m([13;24H)[m[39;91H2,25[9;25H[?12l[?25h[?25l([13;24H)[39;91H1,1 [8;1H[?12l[?25h[?25l[39;91H0,25[6;25H[?12l[?25h[?25l[39;90H59,1 [5;1H[?12l[?25h[?25l[39;91H8,25[3;25H[?12l[?25h[?25l[39;91H7,1 [2;1H[?12l[?25h[?25l[39;91H6,25[1;25H[?12l[?25h[?25l[1;38r[1;1H[L[1;39r[1;4H...> Car_ID int,[38;1H[94m@                                                                                                          [m[39;90H[K[39;90H55,20[9C98%[1;20H[?12l[?25h[?25l[1;38r[1;1H[L[1;39r[1;4H...> Car_Make text,[39;90H[K[39;90H54,23[9C98%[1;23H[?12l[?25h[?25l[1;38r[1;1H[L[1;39r[1;4H...> Rank int,[39;90H[K[39;90H53,18[9C96%[1;18H[?12l[?25h[?25l[1;38r[1;1H[L[1;39r[1;1H[38;5;130mCREATE[m [35mTABLE[m RankTopOne([39;90H[K[39;90H52,25[9C94%[1;24H[106m([5;24H)[1;25H[?12l[?25h[?25l[1;38r[m[1;1H[L[1;39r[39;90H[K[39;90H51,1[10C92%[2;24H([6;24H)[1;1H[?12l[?25h[?25l[1;38r[1;1H[L[1;39r[1;1H[38;5;130mSELECT[m * [35mFROM[m Rank;[39;90H[K[39;90H50,20[9C90%[1;20H[?12l[?25h[?25l[1;38r[1;1H[L[1;39r[1;1H.output extract1.csv[39;90H[K[39;90H49,21[9C88%[1;21H[?12l[?25h[?25l[1;38r[1;1H[L[1;39r[1;1H.[35mmode[m csv[39;90H[K[39;90H48,10[9C87%[1;10H[?12l[?25h[?25l[1;38r[1;1H[L[1;39r[39;90H[K[39;90H47,1[10C85%[1;1H[?12l[?25h[?25l[1;38r[1;1H[2L[1;39r[1;1H[38;5;130mINSERT[m [35mINTO[m Rank(Ranking, Car_ID,Year,Car_Make,Car_Model) [38;5;130mSELECT[m [32mrowid[m, Car_ID,Car_Year,Car_Make,Car_Model  [2;1H[35mFROM[m Car_Rank;[38;1H[94m@                                                                                                          [m[39;90H[K[39;90H46,25[9C81%[1;25H[?12l[?25h[?25l[1;38r[1;1H[L[1;39r[39;90H[K[39;90H45,1[10C81%[1;1H[?12l[?25h[?25l[39;91H6,25[2;25H[?12l[?25h[?25l[39;91H7,1 [4;1H[?12l[?25h[?25l[39;91H8,10[5;10H[?12l[?25h[?25l[39;91H9,21[6;21H[?12l[?25h[?25l[39;90H50,20[7;20H[?12l[?25h[?25l[39;91H1,1 [8;1H[?12l[?25h[?25l[9;38r[9;1H[L[1;39r[39;90H[K[39;90H52,1[10C80%[9;1H[?12l[?25h[?25l[10;38r[10;1H[L[1;39r[39;90H[K[39;90H53,1[10C78%[10;1H[?12l[?25h[?25l[11;38r[11;1H[7L[1;39r[10;2H[38;5;130mCREATE[m [35mTABLE[m RankWithTotal(
   ...> Rank int,
   ...> Car_Make text,
   ...> Car_ID int,
   ...> Total_Score int);

[38;5;130mINSERT[m [35mINTO[m RankWithTotal(Rank, Car_Make,Car_ID,Total_Score) [38;5;130mSELECT[m Rank.Ranking,Rank.Car_Make,Rank.Car_ID,,[17;1HCar_Rank.Car_Total [35mFROM[m Rank,Car_Rank [35mWHERE[m Rank.Car_ID = Car_Rank.Car_ID;[39;90H[K[39;90H59,182[8C70%[17;75H[?12l[?25h[?25l[18;38r[18;1H[L[1;39r[39;90H[K[39;90H60,1[10C69%[18;1H[?12l[?25h[?25l[39;91H1[19;1H[?12l[?25h[?25l[39;91H4[22;1H[?12l[?25h[?25l[39;91H6[24;1H[?12l[?25h[?25l[39;91H7[25;1H[?12l[?25h[?25l[39;91H8[27;1H[?12l[?25h[?25l[39;91H9[28;1H[?12l[?25h[?25l[39;90H70[30;1H[?12l[?25h[?25l[39;91H1[31;1H[?12l[?25h[?25l[39;91H2[32;1H[?12l[?25h[?25l[39;91H3[33;1H[?12l[?25h[?25l[39;91H4[34;1H[?12l[?25h[?25l[39;91H7[37;1H[?12l[?25h[?25l[1;38r[1;1H[3M[1;39r[37;1H[38;5;130mDELETE[m [35mFROM[m RankWithTotal [35mWHERE[m [38;5;130mEXISTS[m ([38;5;130mSELECT[m * [35mFROM[m RankTopTwo [35mWHERE[m RankTopTwo.Rank == RankWithTotal.Rann[38;1Hk);[39;90H[K[39;90H79,1[10C73%[37;1H[?12l[?25h[?25l[1;38r[38;1H
[1;39r[39;90H[K[39;90H80,1[10C74%[38;1H[?12l[?25h[?25l[1;38r[1;1H[4M[1;39r[35;1H[38;5;130mCREATE[m [35mTABLE[m RankTopThree(
   ...> Rank int,
   ...> Car_Make text,
   ...> Car_ID int,[39;90H[K[39;90H84,1[10C80%[38;1H[?12l[?25h[?25l[1;38r[38;1H
[1;39r[38;4H...> Total_Score int);[39;90H[K[39;90H85,1[10C82%[38;1H[?12l[?25h[?25l[1;38r[1;1H[3M[1;39r[37;1H[38;5;130mINSERT[m [35mINTO[m RankTopThree(Rank, Car_Make,Car_ID,Total_Score)[38;5;130mSELECT[m MIN(Rank), Car_Make,Car_ID,Total_Score [35mFRR[38;1HOM[m RankWithTotal [35mGROUP[m [35mBY[m Car_Make [35mORDER[m [35mBY[m Rank;[39;90H[K[39;90H87,1[10C85%[37;1H[?12l[?25h[?25l[1;38r[1;1H[2M[1;39r[39;90H[K[39;90H89,1[10C89%[38;1H[?12l[?25h[?25l[1;38r[1;1H[3M[1;39r[36;1H[38;5;130mCREATE[m [35mTABLE[m TopThree_Car(
   ...> Rank int,
   ...> Car_Make text,[39;90H[K[39;90H91,1[10C93%[37;1H[?12l[?25h[?25l[1;38r[38;1H
[1;39r[38;4H...> Car_ID int,[39;90H[K[39;90H93,1[10C95%[38;1H[?12l[?25h[?25l[1;38r[1;1H[4M[1;39r[35;4H...> Total_Score int);

[38;5;130mINSERT[m [35mINTO[m TopThree_Car(Rank, Car_Make,Car_ID,Total_Score) [38;5;130mSELECT[m * [35mFROM[m RankTopOne [38;5;130mUNION[m [38;5;130mSELECT[m * [35mFROM[m Raa[38;1HnkTopTwo [38;5;130mUNION[m [38;5;130mSELECT[m * [35mFROM[m RankTopThree [35mORDER[m [35mBY[m Car_Make, rank;[39;90H[K[39;90H96,1[10CBot[37;1H[?12l[?25h[?25l[39;1H[K[39;1H=sqlcomplete#DrillIntoTable()[1m-- INSERT --[m[39;13H[K[39;90H96,2[10CBot[37;2H[?12l[?25h[?25l[39;1H[K[39;1H=sqlcomplete#DrillIntoTable()[1m-- INSERT --[m[39;13H[K[39;90H96,3[10CBot[37;3H[?12l[?25h[?25l[39;1H[K[39;1H=sqlcomplete#DrillIntoTable()[1m-- INSERT --[m[39;13H[K[39;90H96,4[10CBot[37;4H[?12l[?25h[?25l[39;1H[K[39;1H=sqlcomplete#DrillIntoTable()[1m-- INSERT --[m[39;13H[K[39;90H96,5[10CBot[37;5H[?12l[?25h[?25l[39;1H[K[39;1H=sqlcomplete#DrillIntoTable()[1m-- INSERT --[m[39;13H[K[39;90H96,6[10CBot[37;6H[?12l[?25h[?25l[39;1H[K[39;1H=sqlcomplete#DrillIntoTable()[1m-- INSERT --[m[39;13H[K[39;90H96,7[10CBot[37;7H[?12l[?25h[?25l[39;1H[K[39;1H=sqlcomplete#DrillIntoTable()[1m-- INSERT --[m[39;13H[K[39;90H96,8[10CBot[37;8H[?12l[?25h[?25l[39;1H[K[39;1H=sqlcomplete#DrillIntoTable()[1m-- INSERT --[m[39;13H[K[39;90H96,9[10CBot[37;9H[?12l[?25h[?25l[39;1H[K[39;1H=sqlcomplete#DrillIntoTable()[1m-- INSERT --[m[39;13H[K[39;90H96,10[9CBot[37;10H[?12l[?25h[?25l[39;1H[K[39;1H=sqlcomplete#DrillIntoTable()[1m-- INSERT --[m[39;13H[K[39;90H96,11[9CBot[37;11H[?12l[?25h[?25l[39;1H[K[39;1H=sqlcomplete#DrillIntoTable()[1m-- INSERT --[m[39;13H[K[39;90H96,12[9CBot[37;12H[?12l[?25h[?25l[39;1H[K[39;1H=sqlcomplete#DrillIntoTable()[1m-- INSERT --[m[39;13H[K[39;90H96,13[9CBot[37;13H[?12l[?25h[?25l[39;1H[K[39;1H=sqlcomplete#DrillIntoTable()[1m-- INSERT --[m[39;13H[K[39;90H96,14[9CBot[37;14H[?12l[?25h[?25l[39;1H[K[39;1H=sqlcomplete#DrillIntoTable()[1m-- INSERT --[m[39;13H[K[39;90H96,15[9CBot[37;15H[?12l[?25h[?25l[39;1H[K[39;1H=sqlcomplete#DrillIntoTable()[1m-- INSERT --[m[39;13H[K[39;90H96,16[9CBot[37;16H[?12l[?25h[?25l[39;1H[K[39;1H=sqlcomplete#DrillIntoTable()[1m-- INSERT --[m[39;13H[K[39;90H96,17[9CBot[37;17H[?12l[?25h[?25l[39;1H[K[39;1H=sqlcomplete#DrillIntoTable()[1m-- INSERT --[m[39;13H[K[39;90H96,18[9CBot[37;18H[?12l[?25h[?25l[39;1H[K[39;1H=sqlcomplete#DrillIntoTable()[1m-- INSERT --[m[39;13H[K[39;90H96,19[9CBot[37;19H[?12l[?25h[?25l[39;1H[K[39;1H=sqlcomplete#DrillIntoTable()[1m-- INSERT --[m[39;13H[K[39;90H96,20[9CBot[37;20H[?12l[?25h[?25l[39;1H[K[39;1H=sqlcomplete#DrillIntoTable()[1m-- INSERT --[m[39;13H[K[39;90H96,21[9CBot[37;21H[?12l[?25h[?25l[39;1H[K[39;1H=sqlcomplete#DrillIntoTable()[1m-- INSERT --[m[39;13H[K[39;90H96,22[9CBot[37;22H[?12l[?25h[?25l[39;1H[K[39;1H=sqlcomplete#DrillIntoTable()[1m-- INSERT --[m[39;13H[K[39;90H96,23[9CBot[37;23H[?12l[?25h[?25l[39;1H[K[39;1H=sqlcomplete#DrillIntoTable()[1m-- INSERT --[m[39;13H[K[39;90H96,24[9CBot[37;24H[?12l[?25h[?25l[39;1H[K[39;1H=sqlcomplete#DrillIntoTable()[37;25H[106m([33C)[m[47Caa[38;1Hn
[1m-- INSERT --[m[39;13H[K[39;90H96,25[9CBot[37;25H[?12l[?25h[?25l[39;1H[K[39;1H=sqlcomplete#DrillIntoTable()[1m-- INSERT --[m[39;13H[K[39;90H96,26[9CBot[37;26H[?12l[?25h[?25l[39;1H[K[39;1H=sqlcomplete#DrillIntoTable()[37;25H([33C)[47Caa[38;1Hn
[1m-- INSERT --[m[39;13H[K[39;90H96,27[9CBot[37;27H[?12l[?25h[?25l[39;1H[K[39;1H=sqlcomplete#DrillIntoTable()[1m-- INSERT --[m[39;13H[K[39;90H96,28[9CBot[37;28H[?12l[?25h[?25l[39;1H[K[39;1H=sqlcomplete#DrillIntoTable()[1m-- INSERT --[m[39;13H[K[39;90H96,29[9CBot[37;29H[?12l[?25h[?25l[39;1H[K[39;1H=sqlcomplete#DrillIntoTable()[1m-- INSERT --[m[39;13H[K[39;90H96,30[9CBot[37;30H[?12l[?25h[?25l[39;1H[K[39;1H=sqlcomplete#DrillIntoTable()[1m-- INSERT --[m[39;13H[K[39;90H96,31[9CBot[37;31H[?12l[?25h[?25l[39;1H[K[39;1H=sqlcomplete#DrillIntoTable()[1m-- INSERT --[m[39;13H[K[39;90H96,32[9CBot[37;32H[?12l[?25h[?25l[39;1H[K[39;1H=sqlcomplete#DrillIntoTable()[1m-- INSERT --[m[39;13H[K[39;90H96,33[9CBot[37;33H[?12l[?25h[?25l[39;1H[K[39;1H=sqlcomplete#DrillIntoTable()[1m-- INSERT --[m[39;13H[K[39;90H96,34[9CBot[37;34H[?12l[?25h[?25l[39;1H[K[39;1H=sqlcomplete#DrillIntoTable()[1m-- INSERT --[m[39;13H[K[39;90H96,35[9CBot[37;35H[?12l[?25h[?25l[39;1H[K[39;1H=sqlcomplete#DrillIntoTable()[1m-- INSERT --[m[39;13H[K[39;90H96,36[9CBot[37;36H[?12l[?25h[?25l[39;1H[K[39;1H=sqlcomplete#DrillIntoTable()[1m-- INSERT --[m[39;13H[K[39;90H96,37[9CBot[37;37H[?12l[?25h[?25l[39;1H[K[39;1H=sqlcomplete#DrillIntoTable()[1m-- INSERT --[m[39;13H[K[39;90H96,38[9CBot[37;38H[?12l[?25h[?25l[39;1H[K[39;1H=sqlcomplete#DrillIntoTable()[1m-- INSERT --[m[39;13H[K[39;90H96,39[9CBot[37;39H[?12l[?25h[?25l[39;1H[K[39;1H=sqlcomplete#DrillIntoTable()[1m-- INSERT --[m[39;13H[K[39;90H96,40[9CBot[37;40H[?12l[?25h[?25l[39;1H[K[39;1H=sqlcomplete#DrillIntoTable()[1m-- INSERT --[m[39;13H[K[39;90H96,41[9CBot[37;41H[?12l[?25h[?25l[39;1H[K[39;1H=sqlcomplete#DrillIntoTable()[1m-- INSERT --[m[39;13H[K[39;90H96,42[9CBot[37;42H[?12l[?25h[?25l[39;1H[K[39;1H=sqlcomplete#DrillIntoTable()[1m-- INSERT --[m[39;13H[K[39;90H96,43[9CBot[37;43H[?12l[?25h[?25l[39;1H[K[39;1H=sqlcomplete#DrillIntoTable()[1m-- INSERT --[m[39;13H[K[39;90H96,44[9CBot[37;44H[?12l[?25h[?25l[39;1H[K[39;1H=sqlcomplete#DrillIntoTable()[1m-- INSERT --[m[39;13H[K[39;90H96,45[9CBot[37;45H[?12l[?25h[?25l[39;1H[K[39;1H=sqlcomplete#DrillIntoTable()[1m-- INSERT --[m[39;13H[K[39;90H96,46[9CBot[37;46H[?12l[?25h[?25l[39;1H[K[39;1H=sqlcomplete#DrillIntoTable()[1m-- INSERT --[m[39;13H[K[39;90H96,47[9CBot[37;47H[?12l[?25h[?25l[39;1H[K[39;1H=sqlcomplete#DrillIntoTable()[1m-- INSERT --[m[39;13H[K[39;90H96,48[9CBot[37;48H[?12l[?25h[?25l[39;1H[K[39;1H=sqlcomplete#DrillIntoTable()[1m-- INSERT --[m[39;13H[K[39;90H96,49[9CBot[37;49H[?12l[?25h[?25l[39;1H[K[39;1H=sqlcomplete#DrillIntoTable()[1m-- INSERT --[m[39;13H[K[39;90H96,50[9CBot[37;50H[?12l[?25h[?25l[39;1H[K[39;1H=sqlcomplete#DrillIntoTable()[1m-- INSERT --[m[39;13H[K[39;90H96,51[9CBot[37;51H[?12l[?25h[?25l[39;1H[K[39;1H=sqlcomplete#DrillIntoTable()[1m-- INSERT --[m[39;13H[K[39;90H96,52[9CBot[37;52H[?12l[?25h[?25l[39;1H[K[39;1H=sqlcomplete#DrillIntoTable()[1m-- INSERT --[m[39;13H[K[39;90H96,53[9CBot[37;53H[?12l[?25h[?25l[39;1H[K[39;1H=sqlcomplete#DrillIntoTable()[1m-- INSERT --[m[39;13H[K[39;90H96,54[9CBot[37;54H[?12l[?25h[?25l[39;1H[K[39;1H=sqlcomplete#DrillIntoTable()[1m-- INSERT --[m[39;13H[K[39;90H96,55[9CBot[37;55H[?12l[?25h[?25l[39;1H[K[39;1H=sqlcomplete#DrillIntoTable()[1m-- INSERT --[m[39;13H[K[39;90H96,56[9CBot[37;56H[?12l[?25h[?25l[39;1H[K[39;1H=sqlcomplete#DrillIntoTable()[1m-- INSERT --[m[39;13H[K[39;90H96,57[9CBot[37;57H[?12l[?25h[?25l[39;1H[K[39;1H=sqlcomplete#DrillIntoTable()[1m-- INSERT --[m[39;13H[K[39;90H96,58[9CBot[37;58H[?12l[?25h[?25l[39;1H[K[39;1H=sqlcomplete#DrillIntoTable()[37;25H[106m([33C)[m[47Caa[38;1Hn
[1m-- INSERT --[m[39;13H[K[39;90H96,59[9CBot[37;59H[?12l[?25h[?25l[39;1H[K[39;1H=sqlcomplete#DrillIntoTable()[1m-- INSERT --[m[39;13H[K[39;90H96,60[9CBot[37;60H[?12l[?25h[?25l[39;1H[K[39;1H=sqlcomplete#DrillIntoTable()[37;25H([33C)[47Caa[38;1Hn
[1m-- INSERT --[m[39;13H[K[39;90H96,61[9CBot[37;61H[?12l[?25h[?25l[39;1H[K[39;1H=sqlcomplete#DrillIntoTable()[1m-- INSERT --[m[39;13H[K[39;90H96,62[9CBot[37;62H[?12l[?25h[?25l[39;1H[K[39;1H=sqlcomplete#DrillIntoTable()[1m-- INSERT --[m[39;13H[K[39;90H96,63[9CBot[37;63H[?12l[?25h[?25l[39;1H[K[39;1H=sqlcomplete#DrillIntoTable()[1m-- INSERT --[m[39;13H[K[39;90H96,64[9CBot[37;64H[?12l[?25h[?25l[39;1H[K[39;1H=sqlcomplete#DrillIntoTable()[1m-- INSERT --[m[39;13H[K[39;90H96,65[9CBot[37;65H[?12l[?25h[?25l[39;1H[K[39;1H=sqlcomplete#DrillIntoTable()[1m-- INSERT --[m[39;13H[K[39;90H96,66[9CBot[37;66H[?12l[?25h[?25l[39;1H[K[39;1H=sqlcomplete#DrillIntoTable()[1m-- INSERT --[m[39;13H[K[39;90H96,67[9CBot[37;67H[?12l[?25h[?25l[39;1H[K[39;1H=sqlcomplete#DrillIntoTable()[1m-- INSERT --[m[39;13H[K[39;90H96,68[9CBot[37;68H[?12l[?25h[?25l[39;1H[K[39;1H=sqlcomplete#DrillIntoTable()[1m-- INSERT --[m[39;13H[K[39;90H96,69[9CBot[37;69H[?12l[?25h[?25l[39;1H[K[39;1H=sqlcomplete#DrillIntoTable()[1m-- INSERT --[m[39;13H[K[39;90H96,70[9CBot[37;70H[?12l[?25h[?25l[39;1H[K[39;1H=sqlcomplete#DrillIntoTable()[1m-- INSERT --[m[39;13H[K[39;90H96,71[9CBot[37;71H[?12l[?25h[?25l[39;1H[K[39;1H=sqlcomplete#DrillIntoTable()[1m-- INSERT --[m[39;13H[K[39;90H96,72[9CBot[37;72H[?12l[?25h[?25l[39;1H[K[39;1H=sqlcomplete#DrillIntoTable()[1m-- INSERT --[m[39;13H[K[39;90H96,73[9CBot[37;73H[?12l[?25h[?25l[39;1H[K[39;1H=sqlcomplete#DrillIntoTable()[1m-- INSERT --[m[39;13H[K[39;90H96,74[9CBot[37;74H[?12l[?25h[?25l[39;1H[K[39;1H=sqlcomplete#DrillIntoTable()[1m-- INSERT --[m[39;13H[K[39;90H96,75[9CBot[37;75H[?12l[?25h[?25l[39;1H[K[39;1H=sqlcomplete#DrillIntoTable()[1m-- INSERT --[m[39;13H[K[39;90H96,76[9CBot[37;76H[?12l[?25h[?25l[39;1H[K[39;1H=sqlcomplete#DrillIntoTable()[1m-- INSERT --[m[39;13H[K[39;90H96,77[9CBot[37;77H[?12l[?25h[?25l[39;1H[K[39;1H=sqlcomplete#DrillIntoTable()[1m-- INSERT --[m[39;13H[K[39;90H96,78[9CBot[37;78H[?12l[?25h[?25l[39;1H[K[39;1H=sqlcomplete#DrillIntoTable()[1m-- INSERT --[m[39;13H[K[39;90H96,79[9CBot[37;79H[?12l[?25h[?25l[39;1H[K[39;1H=sqlcomplete#DrillIntoTable()[1m-- INSERT --[m[39;13H[K[39;90H96,80[9CBot[37;80H[?12l[?25h[?25l[39;1H[K[39;1H=sqlcomplete#DrillIntoTable()[1m-- INSERT --[m[39;13H[K[39;90H96,81[9CBot[37;81H[?12l[?25h[?25l[39;1H[K[39;1H=sqlcomplete#DrillIntoTable()[1m-- INSERT --[m[39;13H[K[39;90H96,82[9CBot[37;82H[?12l[?25h[?25l[39;1H[K[39;1H=sqlcomplete#DrillIntoTable()[1m-- INSERT --[m[39;13H[K[39;90H96,83[9CBot[37;83H[?12l[?25h[?25l[39;1H[K[39;1H=sqlcomplete#DrillIntoTable()[1m-- INSERT --[m[39;13H[K[39;90H96,84[9CBot[37;84H[?12l[?25h[?25l[39;1H[K[39;1H=sqlcomplete#DrillIntoTable()[1m-- INSERT --[m[39;13H[K[39;90H96,85[9CBot[37;85H[?12l[?25h[?25l[39;1H[K[39;1H=sqlcomplete#DrillIntoTable()[1m-- INSERT --[m[39;13H[K[39;90H96,86[9CBot[37;86H[?12l[?25h[?25l[39;1H[K[39;1H=sqlcomplete#DrillIntoTable()[1m-- INSERT --[m[39;13H[K[39;90H96,87[9CBot[37;87H[?12l[?25h[?25l[39;1H[K[39;1H=sqlcomplete#DrillIntoTable()[1m-- INSERT --[m[39;13H[K[39;90H96,88[9CBot[37;88H[?12l[?25h[?25l[39;1H[K[39;1H=sqlcomplete#DrillIntoTable()[1m-- INSERT --[m[39;13H[K[39;90H96,89[9CBot[37;89H[?12l[?25h[?25l[39;1H[K[39;1H=sqlcomplete#DrillIntoTable()[1m-- INSERT --[m[39;13H[K[39;90H96,90[9CBot[37;90H[?12l[?25h[?25l[39;1H[K[39;1H=sqlcomplete#DrillIntoTable()[1m-- INSERT --[m[39;13H[K[39;90H96,91[9CBot[37;91H[?12l[?25h[?25l[39;1H[K[39;1H=sqlcomplete#DrillIntoTable()[1m-- INSERT --[m[39;13H[K[39;90H96,92[9CBot[37;92H[?12l[?25h[?25l[39;1H[K[39;1H=sqlcomplete#DrillIntoTable()[1m-- INSERT --[m[39;13H[K[39;90H96,93[9CBot[37;93H[?12l[?25h[?25l[39;1H[K[39;1H=sqlcomplete#DrillIntoTable()[1m-- INSERT --[m[39;13H[K[39;90H96,94[9CBot[37;94H[?12l[?25h[?25l[39;1H[K[39;1H=sqlcomplete#DrillIntoTable()[1m-- INSERT --[m[39;13H[K[39;90H96,95[9CBot[37;95H[?12l[?25h[?25l[39;1H[K[39;1H=sqlcomplete#DrillIntoTable()[1m-- INSERT --[m[39;13H[K[39;90H96,96[9CBot[37;96H[?12l[?25h[?25l[39;1H[K[39;1H=sqlcomplete#DrillIntoTable()[1m-- INSERT --[m[39;13H[K[39;90H96,97[9CBot[37;97H[?12l[?25h[?25l[39;1H[K[39;1H=sqlcomplete#DrillIntoTable()[1m-- INSERT --[m[39;13H[K[39;90H96,98[9CBot[37;98H[?12l[?25h[?25l[39;1H[K[39;1H=sqlcomplete#DrillIntoTable()[1m-- INSERT --[m[39;13H[K[39;90H96,99[9CBot[37;99H[?12l[?25h[?25l[39;1H[K[39;1H=sqlcomplete#DrillIntoTable()[1m-- INSERT --[m[39;13H[K[39;90H96,100[8CBot[37;100H[?12l[?25h[?25l[39;1H[K[39;1H=sqlcomplete#DrillIntoTable()[1m-- INSERT --[m[39;13H[K[39;90H96,101[8CBot[37;101H[?12l[?25h[?25l[39;1H[K[39;1H=sqlcomplete#DrillIntoTable()[1m-- INSERT --[m[39;13H[K[39;90H96,102[8CBot[37;102H[?12l[?25h[?25l[39;1H[K[39;1H=sqlcomplete#DrillIntoTable()[1m-- INSERT --[m[39;13H[K[39;90H96,103[8CBot[37;103H[?12l[?25h[?25l[39;1H[K[39;1H=sqlcomplete#DrillIntoTable()[1m-- INSERT --[m[39;13H[K[39;90H96,104[8CBot[37;104H[?12l[?25h[?25l[39;1H[K[39;1H=sqlcomplete#DrillIntoTable()[1m-- INSERT --[m[39;13H[K[39;90H96,105[8CBot[37;105H[?12l[?25h[?25l[39;1H[K[39;1H=sqlcomplete#DrillIntoTable()[1m-- INSERT --[m[39;13H[K[39;90H96,106[8CBot[37;106H[?12l[?25h[?25l[39;1H[K[39;1H=sqlcomplete#DrillIntoTable()[1m-- INSERT --[m[39;13H[K[39;90H96,107[8CBot[37;107H[?12l[?25h[?25l[39;1H[K[39;1H=sqlcomplete#DrillIntoTable()[1m-- INSERT --[m[39;13H[K[39;90H96,108[8CBot[38;1H[?12l[?25h[?25l[39;1H[K[39;1H=sqlcomplete#DrillIntoTable()[1m-- INSERT --[m[39;13H[K[39;90H96,109[8CBot[38;2H[?12l[?25h[?25l[39;1H[K[39;1H=sqlcomplete#DrillIntoTable()[1m-- INSERT --[m[39;13H[K[39;90H96,110[8CBot[38;3H[?12l[?25h[?25l[39;1H[K[39;1H=sqlcomplete#DrillIntoTable()[1m-- INSERT --[m[39;13H[K[39;90H96,111[8CBot[38;4H[?12l[?25h[?25l[39;1H[K[39;1H=sqlcomplete#DrillIntoTable()[1m-- INSERT --[m[39;13H[K[39;90H96,112[8CBot[38;5H[?12l[?25h[?25l[39;1H[K[39;1H=sqlcomplete#DrillIntoTable()[1m-- INSERT --[m[39;13H[K[39;90H96,113[8CBot[38;6H[?12l[?25h[?25l[39;1H[K[39;1H=sqlcomplete#DrillIntoTable()[1m-- INSERT --[m[39;13H[K[39;90H96,114[8CBot[38;7H[?12l[?25h[?25l[39;1H[K[39;1H=sqlcomplete#DrillIntoTable()[1m-- INSERT --[m[39;13H[K[39;90H96,115[8CBot[38;8H[?12l[?25h[?25l[39;1H[K[39;1H=sqlcomplete#DrillIntoTable()[1m-- INSERT --[m[39;13H[K[39;90H96,116[8CBot[38;9H[?12l[?25h[?25l[39;1H[K[39;1H=sqlcomplete#DrillIntoTable()[1m-- INSERT --[m[39;13H[K[39;90H96,117[8CBot[38;10H[?12l[?25h[?25l[39;1H[K[39;1H=sqlcomplete#DrillIntoTable()[1m-- INSERT --[m[39;13H[K[39;90H96,118[8CBot[38;11H[?12l[?25h[?25l[39;1H[K[39;1H=sqlcomplete#DrillIntoTable()[1m-- INSERT --[m[39;13H[K[39;90H96,119[8CBot[38;12H[?12l[?25h[?25l[39;1H[K[39;1H=sqlcomplete#DrillIntoTable()[1m-- INSERT --[m[39;13H[K[39;90H96,120[8CBot[38;13H[?12l[?25h[?25l[39;1H[K[39;1H=sqlcomplete#DrillIntoTable()[1m-- INSERT --[m[39;13H[K[39;90H96,121[8CBot[38;14H[?12l[?25h[?25l[39;1H[K[39;1H=sqlcomplete#DrillIntoTable()[1m-- INSERT --[m[39;13H[K[39;90H96,122[8CBot[38;15H[?12l[?25h[?25l[39;1H[K[39;1H=sqlcomplete#DrillIntoTable()[1m-- INSERT --[m[39;13H[K[39;90H96,123[8CBot[38;16H[?12l[?25h[?25l[39;1H[K[39;1H=sqlcomplete#DrillIntoTable()[1m-- INSERT --[m[39;13H[K[39;90H96,124[8CBot[38;17H[?12l[?25h[?25l[39;1H[K[39;1H=sqlcomplete#DrillIntoTable()[1m-- INSERT --[m[39;13H[K[39;90H96,125[8CBot[38;18H[?12l[?25h[?25l[39;1H[K[39;1H=sqlcomplete#DrillIntoTable()[1m-- INSERT --[m[39;13H[K[39;90H96,126[8CBot[38;19H[?12l[?25h[?25l[39;1H[K[39;1H=sqlcomplete#DrillIntoTable()[1m-- INSERT --[m[39;13H[K[39;90H96,127[8CBot[38;20H[?12l[?25h[?25l[39;1H[K[39;1H=sqlcomplete#DrillIntoTable()[1m-- INSERT --[m[39;13H[K[39;90H96,128[8CBot[38;21H[?12l[?25h[?25l[39;1H[K[39;1H=sqlcomplete#DrillIntoTable()[1m-- INSERT --[m[39;13H[K[39;90H96,129[8CBot[38;22H[?12l[?25h[?25l[39;1H[K[39;1H=sqlcomplete#DrillIntoTable()[1m-- INSERT --[m[39;13H[K[39;90H96,130[8CBot[38;23H[?12l[?25h[?25l[39;1H[K[39;1H=sqlcomplete#DrillIntoTable()[39;1H[K[39;1H=sqlcomplete#DrillIntoTable()[1m-- INSERT --[m[39;13H[K[39;90H96,132[8CBot[38;25H[?12l[?25h[?25l[39;1H[K[39;1H=sqlcomplete#DrillIntoTable()[1m-- INSERT --[m[39;13H[K[39;90H96,133[8CBot[38;26H[?12l[?25h[?25l[39;1H[K[39;1H=sqlcomplete#DrillIntoTable()[1m-- INSERT --[m[39;13H[K[39;90H96,134[8CBot[38;27H[?12l[?25h[?25l[39;1H[K[39;1H=sqlcomplete#DrillIntoTable()[1m-- INSERT --[m[39;13H[K[39;90H96,135[8CBot[38;28H[?12l[?25h[?25l[39;1H[K[39;1H=sqlcomplete#DrillIntoTable()[1m-- INSERT --[m[39;13H[K[39;90H96,136[8CBot[38;29H[?12l[?25h[?25l[39;1H[K[39;1H=sqlcomplete#DrillIntoTable()[1m-- INSERT --[m[39;13H[K[39;90H96,137[8CBot[38;30H[?12l[?25h[?25l[39;1H[K[39;1H=sqlcomplete#DrillIntoTable()[1m-- INSERT --[m[39;13H[K[39;90H96,138[8CBot[38;31H[?12l[?25h[?25l[39;1H[K[39;1H=sqlcomplete#DrillIntoTable()[1m-- INSERT --[m[39;13H[K[39;90H96,139[8CBot[38;32H[?12l[?25h[?25l[39;1H[K[39;1H=sqlcomplete#DrillIntoTable()[1m-- INSERT --[m[39;13H[K[39;90H96,140[8CBot[38;33H[?12l[?25h[?25l[39;1H[K[39;1H=sqlcomplete#DrillIntoTable()[1m-- INSERT --[m[39;13H[K[39;90H96,141[8CBot[38;34H[?12l[?25h[?25l[39;1H[K[39;1H=sqlcomplete#DrillIntoTable()[1m-- INSERT --[m[39;13H[K[39;90H96,142[8CBot[38;35H[?12l[?25h[?25l[39;1H[K[39;1H=sqlcomplete#DrillIntoTable()[1m-- INSERT --[m[39;13H[K[39;90H96,143[8CBot[38;36H[?12l[?25h[?25l[39;1H[K[39;1H=sqlcomplete#DrillIntoTable()[1m-- INSERT --[m[39;13H[K[39;90H96,144[8CBot[38;37H[?12l[?25h[?25l[39;1H[K[39;1H=sqlcomplete#DrillIntoTable()[1m-- INSERT --[m[39;13H[K[39;90H96,145[8CBot[38;38H[?12l[?25h[?25l[39;1H[K[39;1H=sqlcomplete#DrillIntoTable()[1m-- INSERT --[m[39;13H[K[39;90H96,146[8CBot[38;39H[?12l[?25h[?25l[39;1H[K[39;1H=sqlcomplete#DrillIntoTable()[1m-- INSERT --[m[39;13H[K[39;90H96,147[8CBot[38;40H[?12l[?25h[?25l[39;1H[K[39;1H=sqlcomplete#DrillIntoTable()[1m-- INSERT --[m[39;13H[K[39;90H96,148[8CBot[38;41H[?12l[?25h[?25l[39;1H[K[39;1H=sqlcomplete#DrillIntoTable()[1m-- INSERT --[m[39;13H[K[39;90H96,149[8CBot[38;42H[?12l[?25h[?25l[39;1H[K[39;1H=sqlcomplete#DrillIntoTable()[1m-- INSERT --[m[39;13H[K[39;90H96,150[8CBot[38;43H[?12l[?25h[?25l[39;1H[K[39;1H=sqlcomplete#DrillIntoTable()[1m-- INSERT --[m[39;13H[K[39;90H96,151[8CBot[38;44H[?12l[?25h[?25l[39;1H[K[39;1H=sqlcomplete#DrillIntoTable()[1m-- INSERT --[m[39;13H[K[39;90H96,152[8CBot[38;45H[?12l[?25h[?25l[39;1H[K[39;1H=sqlcomplete#DrillIntoTable()[1m-- INSERT --[m[39;13H[K[39;90H96,153[8CBot[38;46H[?12l[?25h[?25l[39;1H[K[39;1H=sqlcomplete#DrillIntoTable()[1m-- INSERT --[m[39;13H[K[39;90H96,154[8CBot[38;47H[?12l[?25h[?25l[39;1H[K[39;1H=sqlcomplete#DrillIntoTable()[1m-- INSERT --[m[39;13H[K[39;90H96,155[8CBot[38;48H[?12l[?25h[?25l[39;1H[K[39;1H=sqlcomplete#DrillIntoTable()[1m-- INSERT --[m[39;13H[K[39;90H96,156[8CBot[38;49H[?12l[?25h[?25l[39;1H[K[39;1H=sqlcomplete#DrillIntoTable()[1m-- INSERT --[m[39;13H[K[39;90H96,157[8CBot[38;50H[?12l[?25h[?25l[39;1H[K[39;1H=sqlcomplete#DrillIntoTable()[1m-- INSERT --[m[39;13H[K[39;90H96,158[8CBot[38;51H[?12l[?25h[?25l[39;1H[K[39;1H=sqlcomplete#DrillIntoTable()[1m-- INSERT --[m[39;13H[K[39;90H96,159[8CBot[38;52H[?12l[?25h[?25l[39;1H[K[39;1H=sqlcomplete#DrillIntoTable()[1m-- INSERT --[m[39;13H[K[39;90H96,160[8CBot[38;53H[?12l[?25h[?25l[39;1H[K[39;1H=sqlcomplete#DrillIntoTable()[1m-- INSERT --[m[39;13H[K[39;90H96,161[8CBot[38;54H[?12l[?25h[?25l[39;1H[K[39;1H=sqlcomplete#DrillIntoTable()[1m-- INSERT --[m[39;13H[K[39;90H96,162[8CBot[38;55H[?12l[?25h[?25l[39;1H[K[39;1H=sqlcomplete#DrillIntoTable()[1m-- INSERT --[m[39;13H[K[39;90H96,163[8CBot[38;56H[?12l[?25h[?25l[39;1H[K[39;1H=sqlcomplete#DrillIntoTable()[1m-- INSERT --[m[39;13H[K[39;90H96,164[8CBot[38;57H[?12l[?25h[?25l[39;1H[K[39;1H=sqlcomplete#DrillIntoTable()[1m-- INSERT --[m[39;13H[K[39;90H96,165[8CBot[38;58H[?12l[?25h[?25l[39;1H[K[39;1H=sqlcomplete#DrillIntoTable()[1m-- INSERT --[m[39;13H[K[39;90H96,166[8CBot[38;59H[?12l[?25h[?25l[39;1H[K[39;1H=sqlcomplete#DrillIntoTable()[1m-- INSERT --[m[39;13H[K[39;90H96,167[8CBot[38;60H[?12l[?25h[?25l[39;1H[K[39;1H=sqlcomplete#DrillIntoTable()[1m-- INSERT --[m[39;13H[K[39;90H96,168[8CBot[38;61H[?12l[?25h[?25l[39;1H[K[39;1H=sqlcomplete#DrillIntoTable()[1m-- INSERT --[m[39;13H[K[39;90H96,169[8CBot[38;62H[?12l[?25h[?25l[39;1H[K[39;1H=sqlcomplete#DrillIntoTable()[1m-- INSERT --[m[39;13H[K[39;90H96,170[8CBot[38;63H[?12l[?25h[?25l[39;1H[K[39;1H=sqlcomplete#DrillIntoTable()[1m-- INSERT --[m[39;13H[K[39;90H96,171[8CBot[38;64H[?12l[?25h[?25l[39;1H[K[39;1H=sqlcomplete#DrillIntoTable()[1m-- INSERT --[m[39;13H[K[39;90H96,172[8CBot[38;65H[?12l[?25h[?25l[39;1H[K[39;1H=sqlcomplete#DrillIntoTable()[1m-- INSERT --[m[39;13H[K[39;90H96,173[8CBot[38;66H[?12l[?25h[?25l[39;1H[K[39;1H=sqlcomplete#DrillIntoTable()[1m-- INSERT --[m[39;13H[K[39;90H96,174[8CBot[38;67H[?12l[?25h[?25l[39;1H[K[39;1H=sqlcomplete#DrillIntoTable()[1m-- INSERT --[m[39;13H[K[39;90H96,174[8CBot[38;67H[?12l[?25h[?25l[39;1H[K[39;1H=sqlcomplete#DrillIntoTable()[1m-- INSERT --[m[39;13H[K[39;90H96,174[8CBot[38;67H[?12l[?25h[?25l[39;1H[K[39;1H=sqlcomplete#DrillIntoTable()[1m-- INSERT --[m[39;13H[K[39;90H96,174[8CBot[38;67H[?12l[?25h[?25l[1;38r[38;1H
[1;39r[39;90H[K[39;90H97,1[10CBot[38;1H[?12l[?25h[?25l[1;38r[38;1H
[1;39r[39;90H[K[39;90H98,1[10CBot[38;1H[?12l[?25h[?25l[1;38r[1;1H[2M[1;39r[38;1H[94m~                                                                                                          [m[39;90H[K[39;90H99,1[10CBot[37;1H[?12l[?25h[?25l[38;1H[K[39;90H100,1[38;1H[?12l[?25h[?25l[1;38r[38;1H
[1;39r[39;90H[K[39;90H101,1[9CBot[38;1H[?12l[?25h[?25l[1;38r[1;1H[2M[1;39r[38;1H[94m~                                                                                                          [m[39;90H[K[39;90H102,1[9CBot[37;1H[?12l[?25h[?25l[38;1H[K[39;92H3[38;1H[?12l[?25h[?25l[39;92H2[37;1H[?12l[?25h[?25l[39;92H0[35;1H[?12l[?25h[?25l[39;90H99,1 [34;1H[?12l[?25h[?25l[39;91H8[33;1H[?12l[?25h[?25l[39;91H7[32;1H[?12l[?25h[?25l[39;91H2[26;1H[?12l[?25h[?25l[39;91H1[25;1H[?12l[?25h[?25l[39;91H0[24;1H[?12l[?25h[?25l[39;90H89[23;1H[?12l[?25h[?25l[39;91H8[22;1H[?12l[?25h[?25l[39;91H7[20;1H[?12l[?25h[?25l[39;91H5[18;1H[?12l[?25h[?25l[39;91H4[17;1H[?12l[?25h[?25l[39;91H3[16;1H[?12l[?25h[?25l[39;91H1[14;1H[?12l[?25h[?25l[39;91H0[13;1H[?12l[?25h[?25l[39;90H79[11;1H[?12l[?25h[?25l[39;91H8[10;1H[?12l[?25h[?25l[39;91H6[7;1H[?12l[?25h[?25l[39;91H5[6;1H[?12l[?25h[?25l[39;91H3[4;1H[?12l[?25h[?25l[39;91H2[3;1H[?12l[?25h[?25l[39;91H1[2;1H[?12l[?25h[?25l[1;38r[1;1H[3L[1;39r[2;1H[38;5;130mDELETE[m [35mFROM[m RankWithTotal [35mWHERE[m [38;5;130mEXISTS[m ([38;5;130mSELECT[m * [35mFROM[m RankTopOne [35mWHERE[m RankTopOne.Rank == RankWithTotal.Rann[3;1Hk);[39;90H[K[39;90H68,1[10C95%[1;1H[?12l[?25h[?25l[1;38r[1;1H[3L[1;39r[2;1H[38;5;130mINSERT[m [35mINTO[m RankTopOne(Rank, Car_Make,Car_ID,Total_Score)[38;5;130mSELECT[m Rank, Car_Make,Car_ID,Total_Score [35mFROM[m Rankk[3;1HWithTotal [35mGROUP[m [35mBY[m Car_Make;[39;90H[K[39;90H66,1[10C91%[1;1H[?12l[?25h[?25l[1;38r[1;1H[2L[1;39r[1;4H...> Car_ID int,
   ...> Total_Score int);[38;1H[94m@                                                                                                          [m[39;90H[K[39;90H64,1[10C88%[1;1H[?12l[?25h[?25l[1;38r[1;1H[L[1;39r[1;4H...> Car_Make text,[39;90H[K[39;90H63,1[10C88%[1;1H[?12l[?25h[?25l[1;38r[1;1H[L[1;39r[1;4H...> Rank int,[39;90H[K[39;90H62,1[10C87%[1;1H[?12l[?25h[?25l[1;38r[1;1H[L[1;39r[1;1H[38;5;130mCREATE[m [35mTABLE[m RankTopOne([39;90H[K[39;90H61,1[10C85%[1;1H[?12l[?25h[?25l[1;38r[1;1H[3L[1;39r[1;1H[38;5;130mINSERT[m [35mINTO[m RankWithTotal(Rank, Car_Make,Car_ID,Total_Score) [38;5;130mSELECT[m Rank.Ranking,Rank.Car_Make,Rank.Car_ID,,[2;1HCar_Rank.Car_Total [35mFROM[m Rank,Car_Rank [35mWHERE[m Rank.Car_ID = Car_Rank.Car_ID;[39;90H[K[39;90H59,1[10C81%[1;1H[?12l[?25h[?25l[1;38r[1;1H[2L[1;39r[1;4H...> Total_Score int);[39;90H[K[39;90H57,1[10C78%[1;1H[?12l[?25h[?25l[1;38r[1;1H[2L[1;39r[1;4H...> Car_Make text,
   ...> Car_ID int,[38;1H[94m@                                                                                                          [m[39;90H[K[39;90H55,1[10C76%[1;1H[?12l[?25h[?25l[1;38r[1;1H[L[1;39r[1;4H...> Rank int,[39;90H[K[39;90H54,1[10C75%[1;1H[1;38r[1;1H[3L[1;39r[3;2H[38;5;130mCREATE[m [35mTABLE[m RankWithTotal([39;90H[K[39;90H51,1[10C71%[1;1H[?12l[?25h[?25l[1;38r[1;1H[2L[1;39r[1;1H.output extract1.csv
[38;5;130mSELECT[m * [35mFROM[m Rank;[39;90H[K[39;90H49,1[10C68%[1;1H[?12l[?25h[?25l[1;38r[1;1H[2L[1;39r[2;1H.[35mmode[m csv[39;90H[K[39;90H47,1[10C65%[1;1H[?12l[?25h[?25l[1;38r[1;1H[2L[1;39r[1;1H[38;5;130mINSERT[m [35mINTO[m Rank(Ranking, Car_ID,Year,Car_Make,Car_Model) [38;5;130mSELECT[m [32mrowid[m, Car_ID,Car_Year,Car_Make,Car_Model  [2;1H[35mFROM[m Car_Rank;[39;90H[K[39;90H46,1[10C64%[1;1H[?12l[?25h[?25l[1;38r[1;1H[L[1;39r[39;90H[K[39;90H45,1[10C62%[1;1H[?12l[?25h[?25l[1;38r[1;1H[2L[1;39r[1;4H...> Car_Make text,
   ...> Car_Model text);[39;90H[K[39;90H43,1[10C60%[1;1H[?12l[?25h[?25l[1;38r[1;1H[2L[1;39r[1;4H...> Car_ID int,
   ...> Car_Year int,[39;90H[K[39;90H41,1[10C57%[1;1H[?12l[?25h[?25l[1;38r[1;1H[L[1;39r[1;4H...> Car_Rank int,[39;90H[K[39;90H40,1[10C56%[1;1H[?12l[?25h[?25l[1;38r[1;1H[L[1;39r[1;1H[38;5;130mCREATE[m [35mTABLE[m Rank([39;90H[K[39;90H39,1[10C55%[1;1H[?12l[?25h[?25l[1;38r[1;1H[L[1;39r[39;90H[K[39;90H38,1[10C53%[1;1H[?12l[?25h[?25l[1;38r[1;1H[3L[1;39r[2;1H[38;5;130mINSERT[m [35mINTO[m Car_Rank(Car_ID,Car_Year,Car_Make, Car_Model,Car_Total) [38;5;130mSELECT[m Car_ID,Car_Year,Car_Make,Car_Modd[3;1Hel,Car_Total [35mFROM[m Car_Total [35mORDER[m [35mBY[m Car_Total [35mDESC[m;[38;1H[94m@                                                                                                          [m[39;90H[K[39;90H36,1[10C50%[1;1H[?12l[?25h[?25l[1;38r[1;1H[L[1;39r[1;4H...> Car_Rank int);[39;90H[K[39;90H35,1[10C49%[1;1H[?12l[?25h[?25l[1;38r[1;1H[2L[1;39r[1;4H...> Car_Model text,
   ...> Car_Total int,[38;1H[94m@                                                                                                          [m[39;90H[K[39;90H33,1[10C46%[1;1H[?12l[?25h[?25l[1;38r[1;1H[L[1;39r[1;4H...> Car_Make text,[39;90H[K[39;90H32,1[10C45%[1;1H[?12l[?25h[?25l[1;38r[1;1H[L[1;39r[1;4H...> Car_Year int,[39;90H[K[39;90H31,1[10C44%[1;1H[?12l[?25h[?25l[1;38r[1;1H[2L[1;39r[1;1H[38;5;130mCREATE[m [35mTABLE[m Car_Rank(
   ...> Car_ID int,[39;90H[K[39;90H29,1[10C41%[1;1H[?12l[?25h[?25l[1;38r[1;1H[5L[1;39r[1;4H...> Car_Total int);

[38;5;130mINSERT[m [35mINTO[m Car_Total [38;5;130mSELECT[m Cars.Car_ID, Cars.Car_Year, Cars.Car_Make,Cars.Car_Model, Car_Score.Car_Score  [4;1H[35mFROM[m Cars, Car_Score [35mWHERE[m Cars.Car_ID = Car_Score.Car_ID;[38;1H[94m@                                                                                                          [m[39;90H[K[39;90H25,1[10C34%[1;1H[?12l[?25h[?25l[1;38r[1;1H[L[1;39r[1;4H...> Car_Model text,[39;90H[K[39;90H24,1[10C33%[1;1H[?12l[?25h[?25l[1;38r[1;1H[L[1;39r[1;4H...> Car_Make text,[39;90H[K[39;90H23,1[10C32%[1;1H[?12l[?25h[?25l[1;38r[1;1H[2L[1;39r[1;4H...> Car_ID int,
   ...> Car_Year int,[39;90H[K[39;90H21,1[10C29%[1;1H[?12l[?25h[?25l[1;38r[1;1H[2L[1;39r[2;1H[38;5;130mCREATE[m [35mTABLE[m Car_Total([39;90H[K[39;90H19,1[10C26%[1;1H[?12l[?25h[?25l[1;38r[1;1H[2L[1;39r[1;4H...> Owner_Email text);
.import \carsTable.csv Cars[39;90H[K[39;90H17,1[10C23%[1;1H[?12l[?25h[?25l[1;38r[1;1H[L[1;39r[1;4H...> Owner_Name text,[39;90H[K[39;90H16,1[10C22%[1;1H[?12l[?25h[?25l[1;38r[1;1H[L[1;39r[1;4H...> Car_Model text,[39;90H[K[39;90H15,1[10C20%[1;1H[?12l[?25h[?25l[1;38r[1;1H[2L[1;39r[1;4H...> Car_Year int,
   ...> Car_Make text,[39;90H[K[39;90H13,1[10C17%[1;1H[?12l[?25h[?25l[1;38r[1;1H[L[1;39r[1;4H...> Car_ID int primary key,[39;90H[K[39;90H12,1[10C16%[1;1H[1;38r[1;1H[L[1;39r[1;1H[38;5;130mCREATE[m [35mTABLE[m Cars([38;1H[94m@                                                                                                          [m[39;90H[K[39;90H11,1[10C14%[1;1H[?12l[?25h[?25l[1;38r[1;1H[2L[1;39r[1;2H.import \Car_Score.csv Car_Score;[39;90H[K[39;90H9,1[11C11%[1;1H[?12l[?25h[?25l[1;38r[1;1H[2L[1;39r[1;4H...> Car_ID int primary key,
   ...> Car_Score int);[39;90H[K[39;90H7,1[12C8%[1;1H[?12l[?25h[?25l[1;38r[1;1H[L[1;39r[1;1H[38;5;130mCREATE[m [35mTABLE[m Car_Score[39;90H[K[39;90H6,1[12C7%[1;1H[?12l[?25h[?25l[1;38r[1;1H[3L[1;39r[1;4H...> Judge_Name text);
.import \judgesTable.csv judges;[39;90H[K[39;90H3,1[12C2%[1;1H[?12l[?25h[?25l[1;38r[1;1H[2L[1;39r[1;1H[38;5;130mCREATE[m [35mTABLE[m judges(
   ...> Judge_ID text,[38;1H[94m@                                                                                                          [m[39;90H[K[39;90H1,1[11CTop[1;1H[?12l[?25h[?25l[39;90H2[2;1H[?12l[?25h[?25l[39;90H3[3;1H[?12l[?25h[?25l[39;90H4[4;1H[?12l[?25h[?25l[39;90H5[5;1H[?12l[?25h[?25l[39;90H6[6;1H[?12l[?25h[?25l[39;90H7[7;1H[?12l[?25h[?25l[39;90H8[8;1H[?12l[?25h[?25l[39;90H9[9;1H[?12l[?25h[?25l[39;90H10,1[10;1H[?12l[?25h[?25l[39;91H1[11;1H[?12l[?25h[?25l[39;91H2[12;1H[?12l[?25h[?25l[39;91H3[13;1H[?12l[?25h[?25l[39;91H6[16;1H[?12l[?25h[?25l[39;91H7[17;1H[?12l[?25h[?25l[39;91H8[18;1H[?12l[?25h[?25l[39;91H9[19;1H[?12l[?25h[?25l[39;90H20[20;1H[?12l[?25h[?25l[39;91H2[22;1H[?12l[?25h[?25l[39;91H4[24;1H[?12l[?25h[?25l[39;91H6[26;1H[?12l[?25h[?25l[39;91H7[27;1H[?12l[?25h[?25l[39;90H30[31;1H[?12l[?25h[?25l[39;91H1[32;1H[?12l[?25h[?25l[39;91H4[35;1H[?12l[?25h[?25l[39;91H6[37;1H[?12l[?25h[?25l[1;38r[1;1H[3M[1;39r[35;1H[38;5;130mINSERT[m [35mINTO[m Car_Rank(Car_ID,Car_Year,Car_Make, Car_Model,Car_Total) [38;5;130mSELECT[m Car_ID,Car_Year,Car_Make,Car_Modd[36;1Hel,Car_Total [35mFROM[m Car_Total [35mORDER[m [35mBY[m Car_Total [35mDESC[m;

[38;5;130mCREATE[m [35mTABLE[m Rank([39;90H[K[39;90H39,1[11C4%[38;1H[?12l[?25h[?25l[1;38r[1;1H[3M[1;39r[36;4H...> Car_Rank int,
   ...> Car_ID int,
   ...> Car_Year int,[39;90H[K[39;90H42,1[11C8%[38;1H[?12l[?25h[?25l[1;38r[1;1H[5M[1;39r[34;4H...> Car_Make text,
   ...> Car_Model text);

[38;5;130mINSERT[m [35mINTO[m Rank(Ranking, Car_ID,Year,Car_Make,Car_Model) [38;5;130mSELECT[m [32mrowid[m, Car_ID,Car_Year,Car_Make,Car_Model  [38;1H[35mFROM[m Car_Rank;[1;38r[38;1H
[1;39r[39;90H[K[39;90H47,1[10C17%[38;1H[?12l[?25h[?25l[1;38r[38;1H
[1;39r[38;1H.[35mmode[m csv[39;90H[K[39;90H48,1[10C19%[38;1H[?12l[?25h[?25l[1;38r[38;1H
[1;39r[38;1H.output extract1.csv[39;90H[K[39;90H49,1[10C20%[38;1H[?12l[?25h[?25l[1;38r[1;1H[3M[1;39r[36;1H[38;5;130mSELECT[m * [35mFROM[m Rank;[39;90H[K[39;90H52,1[10C25%[38;1H[?12l[?25h[?25l[1;38r[1;1H[2M[1;39r[37;2H[38;5;130mCREATE[m [35mTABLE[m RankWithTotal(
   ...> Rank int,[39;90H[K[39;90H54,1[10C27%[38;1H[?12l[?25h[?25l[1;38r[38;1H
[1;39r[38;4H...> Car_Make text,[39;90H[K[39;90H55,1[10C29%[38;1H[?12l[?25h[?25l[1;38r[38;1H
[1;39r[38;4H...> Car_ID int,[39;90H[K[39;90H56,1[10C30%[38;1H[?12l[?25h[?25l[1;38r[38;1H
[1;39r[38;4H...> Total_Score int);[39;90H[K[39;90H57,1[10C32%[38;1H[?12l[?25h[?25l[1;38r[38;1H
[1;39r[39;90H[K[39;90H58,1[10C33%[38;1H[?12l[?25h[?25l[1;38r[1;1H[2M[1;39r[37;1H[38;5;130mINSERT[m [35mINTO[m RankWithTotal(Rank, Car_Make,Car_ID,Total_Score) [38;5;130mSELECT[m Rank.Ranking,Rank.Car_Make,Rank.Car_ID,,[38;1HCar_Rank.Car_Total [35mFROM[m Rank,Car_Rank [35mWHERE[m Rank.Car_ID = Car_Rank.Car_ID;[1;38r[38;1H
[1;39r[39;90H[K[39;90H60,1[10C37%[38;1H[?12l[?25h[?25l[1;38r[1;1H[2M[1;39r[37;1H[38;5;130mCREATE[m [35mTABLE[m RankTopOne(
   ...> Rank int,[39;90H[K[39;90H61,1[10C39%[37;1H[?12l[?25h[?25l[39;91H2[38;1H[?12l[?25h[?25l[1;38r[38;1H
[1;39r[38;4H...> Car_Make text,[39;90H[K[39;90H63,1[10C41%[38;1H[?12l[?25h[?25l[1;38r[38;1H
[1;39r[38;4H...> Car_ID int,[39;90H[K[39;90H64,1[10C42%[38;1H[?12l[?25h[?25l[1;38r[38;1H
[1;39r[38;4H...> Total_Score int);[39;90H[K[39;90H65,1[10C44%[38;1H[?12l[?25h[?25l[1;38r[38;1H
[1;39r[39;90H[K[39;90H66,1[10C45%[38;1H[?12l[?25h[?25l[1;38r[1;1H[2M[1;39r[37;1H[38;5;130mINSERT[m [35mINTO[m RankTopOne(Rank, Car_Make,Car_ID,Total_Score)[38;5;130mSELECT[m Rank, Car_Make,Car_ID,Total_Score [35mFROM[m Rankk[38;1HWithTotal [35mGROUP[m [35mBY[m Car_Make;[39;90H[K[39;90H67,1[10C47%[37;1H[?12l[?25h[?25l[1;38r[38;1H
[1;39r[39;90H[K[39;90H68,1[10C49%[38;1H[?12l[?25h[?25l[1;38r[1;1H[2M[1;39r[37;1H[38;5;130mDELETE[m [35mFROM[m RankWithTotal [35mWHERE[m [38;5;130mEXISTS[m ([38;5;130mSELECT[m * [35mFROM[m RankTopOne [35mWHERE[m RankTopOne.Rank == RankWithTotal.Rann[38;1Hk);[39;90H[K[39;90H69,1[10C51%[37;1H[?12l[?25h[?25l[1;38r[1;1H[2M[1;39r[38;1H[38;5;130mCREATE[m [35mTABLE[m RankTopTwo([39;90H[K[39;90H70,1[10C53%[37;1H[?12l[?25h[?25l[39;90H69[35;1H[?12l[?25h[?25l[39;91H8[34;1H[?12l[?25h[?25l[39;91H7[32;1H[?12l[?25h[?25l[39;91H6[31;1H[?12l[?25h[?25l[1;38r[1;1H[2M[1;39r[37;4H...> Rank int,
   ...> Car_Make text,[39;90H[K[39;90H73,1[10C56%[38;1H[?12l[?25h[?25l[1;38r[1;1H[3M[1;39r[36;4H...> Car_ID int,
   ...> Total_Score int);[39;90H[K[39;90H76,1[10C60%[38;1H[?12l[?25h[?25l[1;38r[1;1H[5M[1;39r[34;1H[38;5;130mINSERT[m [35mINTO[m RankTopTwo(Rank, Car_Make,Car_ID,Total_Score)[38;5;130mSELECT[m MIN(Rank), Car_Make,Car_ID,Total_Score [35mFROMM[m[35;1H RankWithTotal [35mGROUP[m [35mBY[m Car_Make [35mORDER[m [35mBY[m Rank;

[38;5;130mDELETE[m [35mFROM[m RankWithTotal [35mWHERE[m [38;5;130mEXISTS[m ([38;5;130mSELECT[m * [35mFROM[m RankTopTwo [35mWHERE[m RankTopTwo.Rank == RankWithTotal.Rann[38;1Hk);[39;90H[K[39;90H79,1[10C65%[37;1H[?12l[?25h[?25l[1;38r[1;1H[2M[1;39r[38;1H[38;5;130mCREATE[m [35mTABLE[m RankTopThree([39;90H[K[39;90H81,1[10C68%[38;1H[?12l[?25h[?25l[1;38r[1;1H[10M[1;39r[29;4H...> Rank int,
   ...> Car_Make text,
   ...> Car_ID int,
   ...> Total_Score int);

[38;5;130mINSERT[m [35mINTO[m RankTopThree(Rank, Car_Make,Car_ID,Total_Score)[38;5;130mSELECT[m MIN(Rank), Car_Make,Car_ID,Total_Score [35mFRR[35;1HOM[m RankWithTotal [35mGROUP[m [35mBY[m Car_Make [35mORDER[m [35mBY[m Rank;


[38;5;130mCREATE[m [35mTABLE[m TopThree_Car([39;90H[K[39;90H90,1[10C81%[38;1H[?12l[?25h[?25l[1;38r[1;1H[5M[1;39r[34;4H...> Rank int,
   ...> Car_Make text,
   ...> Car_ID int,
   ...> Total_Score int);[39;90H[K[39;90H95,1[10C88%[38;1H[1;38r[1;1H[9M[1;39r[30;1H[38;5;130mINSERT[m [35mINTO[m TopThree_Car(Rank, Car_Make,Car_ID,Total_Score) [38;5;130mSELECT[m * [35mFROM[m RankTopOne [38;5;130mUNION[m [38;5;130mSELECT[m * [35mFROM[m Raa[31;1HnkTopTwo [38;5;130mUNION[m [38;5;130mSELECT[m * [35mFROM[m RankTopThree [35mORDER[m [35mBY[m Car_Make, rank;[39;90H[K[39;90H103,1[9CBot[38;1H[?12l[?25h[?25l[39;92H2[37;1H[?12l[?25h[?25l[39;92H1[36;1H[?12l[?25h[?25l[39;92H0[35;1H[?12l[?25h[?25l[39;90H99,1 [34;1H[?12l[?25h[?25l[35;38r[35;1H[2L[1;39r[34;1H.[35mmode[m csv
.output extract1.csv
[38;5;130mSELECT[m * [35mFROM[m Rank;[39;90H[K[39;90H101,20[8C97%[36;20H[?12l[?25h[?25l[39;92H0[35;20H[?12l[?25h[?25l[39;90H99,10 [34;10H[?12l[?25h[?25l[39;91H8,1 [33;1H[?12l[?25h[?25l[32;38r[38;1H
[1;39r[39;90H[K[39;90H97,1[10C98%[32;1H[?12l[?25h[?25l[39;91H8[33;1H[?12l[?25h[?25l[39;91H9[34;1H[?12l[?25h[?25l[39;90H100,1[35;1H[?12l[?25h[?25l[39;1H[K[39;1H=sqlcomplete#DrillIntoTable()[1m-- INSERT --[m[39;13H[K[39;90H100,2[9C98%[35;2H[?12l[?25h[?25l[39;1H[K[39;1H=sqlcomplete#DrillIntoTable()[1m-- INSERT --[m[39;13H[K[39;90H100,3[9C98%[35;3H[?12l[?25h[?25l[39;1H[K[39;1H=sqlcomplete#DrillIntoTable()[1m-- INSERT --[m[39;13H[K[39;90H100,4[9C98%[35;4H[?12l[?25h[?25l[39;1H[K[39;1H=sqlcomplete#DrillIntoTable()[1m-- INSERT --[m[39;13H[K[39;90H100,5[9C98%[35;5H[?12l[?25h[?25l[39;1H[K[39;1H=sqlcomplete#DrillIntoTable()[1m-- INSERT --[m[39;13H[K[39;90H100,6[9C98%[35;6H[?12l[?25h[?25l[39;1H[K[39;1H=sqlcomplete#DrillIntoTable()[1m-- INSERT --[m[39;13H[K[39;90H100,7[9C98%[35;7H[?12l[?25h[?25l[39;1H[K[39;1H=sqlcomplete#DrillIntoTable()[1m-- INSERT --[m[39;13H[K[39;90H100,8[9C98%[35;8H[?12l[?25h[?25l[39;1H[K[39;1H=sqlcomplete#DrillIntoTable()[1m-- INSERT --[m[39;13H[K[39;90H100,9[9C98%[35;9H[?12l[?25h[?25l[39;1H[K[39;1H=sqlcomplete#DrillIntoTable()[1m-- INSERT --[m[39;13H[K[39;90H100,10[8C98%[35;10H[?12l[?25h[?25l[39;1H[K[39;1H=sqlcomplete#DrillIntoTable()[1m-- INSERT --[m[39;13H[K[39;90H100,11[8C98%[35;11H[?12l[?25h[?25l[39;1H[K[39;1H=sqlcomplete#DrillIntoTable()[1m-- INSERT --[m[39;13H[K[39;90H100,12[8C98%[35;12H[?12l[?25h[?25l[39;1H[K[39;1H=sqlcomplete#DrillIntoTable()[1m-- INSERT --[m[39;13H[K[39;90H100,13[8C98%[35;13H[?12l[?25h[?25l[39;1H[K[39;1H=sqlcomplete#DrillIntoTable()[1m-- INSERT --[m[39;13H[K[39;90H100,14[8C98%[35;14H[?12l[?25h[?25l[39;1H[K[39;1H=sqlcomplete#DrillIntoTable()[1m-- INSERT --[m[39;13H[K[39;90H100,15[8C98%[35;15H[?12l[?25h[?25l[39;1H[K[39;1H=sqlcomplete#DrillIntoTable()[1m-- INSERT --[m[39;13H[K[39;90H100,16[8C98%[35;16H[?12l[?25h[?25l[39;90H99,16 [34;16H[?12l[?25h[?25l[39;1H[K[39;1H=sqlcomplete#DrillIntoTable()[1m-- INSERT --[m[39;13H[K[39;90H99,17[9C98%[34;17H[?12l[?25h[?25l.csv[34;20H[K[39;94H6[34;16H[?12l[?25h[?25l2.csv[39;94H7[34;17H[?12l[?25h[?25l[39;90H100,17[35;17H[?12l[?25h[?25l[39;1H[K[39;1H=sqlcomplete#DrillIntoTable()[1m-- INSERT --[m[39;13H[K[39;90H100,18[8C98%[35;18H[?12l[?25h[?25l[39;1H[K[39;1H=sqlcomplete#DrillIntoTable()[1m-- INSERT --[m[39;13H[K[39;90H100,19[8C98%[35;19H[?12l[?25h[?25l;[35;19H[K[39;95H8[35;18H[?12l[?25h[?25l;[35;18H[K[39;95H7[35;17H[?12l[?25h[?25l;[35;17H[K[39;95H6[35;16H[?12l[?25h[?25l;[35;16H[K[39;95H5[35;15H[?12l[?25h[?25lR;[39;95H6[35;16H[?12l[?25h[?25l[39;90H99,16 [34;16H[?12l[?25h[?25l[39;91H8,10[33;10H[?12l[?25h[?25l[39;91H7,1 [32;1H[?12l[?25h[?25l[39;91H5[29;1H[?12l[?25h[?25l[39;91H4,16[28;16H[?12l[?25h[?25l[39;91H5,1 [29;1H[?12l[?25h[?25l[39;91H6,16[30;16H[?12l[?25h[?25l[39;91H7,1 [32;1H[?12l[?25h[?25l[39;91H8,10[33;10H[?12l[?25h[?25l[39;91H9,16[34;16H[?12l[?25h[?25l[39;90H100,16[35;16H[?12l[?25h[?25la;[39;95H7[35;17H[?12l[?25h[?25ln;[39;95H8[35;18H[?12l[?25h[?25lk;[39;95H9[35;19H[?12l[?25h[?25lW;[39;94H20[35;20H[?12l[?25h[?25li;[39;95H1[35;21H[?12l[?25h[?25lt;[39;95H2[35;22H[?12l[?25h[?25lh;[39;95H3[35;23H[?12l[?25h[?25l;[35;23H[K[39;95H2[35;22H[?12l[?25h[?25l;[35;22H[K[39;95H1[35;21H[?12l[?25h[?25l;[35;21H[K[39;95H0[35;20H[?12l[?25h[?25l;[35;20H[K[39;94H19[35;19H[?12l[?25h[?25l;[35;19H[K[39;95H8[35;18H[?12l[?25h[?25l;[35;18H[K[39;95H7[35;17H[?12l[?25h[?25l;[35;17H[K[39;95H6[35;16H[?12l[?25h[?25l;[35;16H[K[39;95H5[35;15H[?12l[?25h[?25lT;[39;95H6[35;16H[?12l[?25h[?25l[35mTo[m;[39;95H7[35;17H[?12l[?25h[?25lTop;[39;95H8[35;18H[?12l[?25h[?25lT;[39;95H9[35;19H[?12l[?25h[?25lh;[39;94H20[35;20H[?12l[?25h[?25lr;[39;95H1[35;21H[?12l[?25h[?25le;[39;95H2[35;22H[?12l[?25h[?25le;[39;95H3[35;23H[?12l[?25h[?25l_;[39;95H4[35;24H[?12l[?25h[?25lC;[39;95H5[35;25H[?12l[?25h[?25lA;[39;95H6[35;26H[?12l[?25h[?25lr;[39;95H7[35;27H[?12l[?25h[?25l;[35;27H[K[39;95H6[35;26H[?12l[?25h[?25l;[35;26H[K[39;95H5[35;25H[?12l[?25h[?25la;[39;95H6[35;26H[?12l[?25h[?25lr;[39;95H7[35;27H[?12l[?25h[?25l[39;1H[K[39;1H=sqlcomplete#DrillIntoTable()[1m-- INSERT --[m[39;13H[K[39;90H100,28[8C98%[35;28H[?12l[?25h[39;1H[K[35;27H[?25l[39;90H100,27[8C98%[35;27H[?12l[?25h[?25l[39;90H[K[39;1H:[?12l[?25hw[?25l[?12l[?25hq[?25l[?12l[?25h[?25l"SQLscripts.sql" 104L, 3024C written
[?1l>[?12l[?25h[?1049l]0;Jiaojiao.Ding72@sol25:~/CISC3140_Lab2-[Jiaojiao.Ding72@sol25 CISC3140_Lab2-]$ git [K[K[K[Kvim SQLscripts.sql[8Pgit statussqlite3 Lab2DBcript history_log.txt[8Pqlite3 Lab2DBcd CISC3140_Lab2-exit[Kgit pushcommit -m "finished extract2"add --all[K[3Pstatussqlite3 Lab2DB[4Pgit statuscat script_logscript --t=script_log -q scriptfile [19Pcd CISC3140_Lab2-exit[K[1Pwho[1Plsvim scriptfile[6Pgit pushllshvim scriptfilels[Kwhoexitcd CISC3140_Lab2-script --t=script_log -q scriptfile [22Pcat script_log[4Pgit statussqlite3 Lab2DB[4Pgit statusadd --allcommit -m "finished extract2"push[K[4Pexitcd CISC3140_Lab2-[3Psqlite3 Lab2DBcript history_log.txt[8Pqlite3 Lab2DB
SQLite version 3.7.17 2013-05-20 00:56:22
Enter ".help" for instructions
Enter SQL statements terminated with a ";"
[?1034hsqlite> .mode csv
sqlite> .mos[K[K[K[Kheade[K[K[K[K[K.d[Khear[Kder on
sqlite> .i[Kexport .ou[K[K[K[K[K[K[K[K[K[Koutput s[Kextract3.csv
sqlite> 
]0;Jiaojiao.Ding72@sol25:~/CISC3140_Lab2-[Jiaojiao.Ding72@sol25 CISC3140_Lab2-]$ sqlite3 Lab2DBvim SQLscripts.sql[4Psqlite3 Lab2DB[Kgit stu[K[Ktatus
# On branch main
# Changes not staged for commit:
#   (use "git add <file>..." to update what will be committed)
#   (use "git checkout -- <file>..." to discard changes in working directory)
#
#	modified:   Lab2DB
#	modified:   SQLscripts.sql
#	modified:   judgesTable.csv
#	modified:   script.awk
#
# Untracked files:
#   (use "git add <file>..." to include in what will be committed)
#
#	extract3.csv
#	history_log.txt
no changes added to commit (use "git add" and/or "git commit -a")
]0;Jiaojiao.Ding72@sol25:~/CISC3140_Lab2-[Jiaojiao.Ding72@sol25 CISC3140_Lab2-]$ g[Ke[Kexit
exit

Script done on Tue 08 Mar 2022 09:46:34 PM EST
